Archive member included because of file (symbol)

c:/program files (x86)/gnu tools arm embedded/4.7 2013q2/bin/../lib/gcc/arm-none-eabi/4.7.4/../../../../arm-none-eabi/lib/armv7-m\libg.a(lib_a-malloc.o)
                              ..\obj\heap_3.o (malloc)
c:/program files (x86)/gnu tools arm embedded/4.7 2013q2/bin/../lib/gcc/arm-none-eabi/4.7.4/../../../../arm-none-eabi/lib/armv7-m\libg.a(lib_a-mallocr.o)
                              c:/program files (x86)/gnu tools arm embedded/4.7 2013q2/bin/../lib/gcc/arm-none-eabi/4.7.4/../../../../arm-none-eabi/lib/armv7-m\libg.a(lib_a-malloc.o) (_malloc_r)
c:/program files (x86)/gnu tools arm embedded/4.7 2013q2/bin/../lib/gcc/arm-none-eabi/4.7.4/../../../../arm-none-eabi/lib/armv7-m\libg.a(lib_a-memcmp.o)
                              ..\obj\tasks.o (memcmp)
c:/program files (x86)/gnu tools arm embedded/4.7 2013q2/bin/../lib/gcc/arm-none-eabi/4.7.4/../../../../arm-none-eabi/lib/armv7-m\libg.a(lib_a-memcpy.o)
                              ..\obj\queue.o (memcpy)
c:/program files (x86)/gnu tools arm embedded/4.7 2013q2/bin/../lib/gcc/arm-none-eabi/4.7.4/../../../../arm-none-eabi/lib/armv7-m\libg.a(lib_a-memset.o)
                              ..\obj\tasks.o (memset)
c:/program files (x86)/gnu tools arm embedded/4.7 2013q2/bin/../lib/gcc/arm-none-eabi/4.7.4/../../../../arm-none-eabi/lib/armv7-m\libg.a(lib_a-mlock.o)
                              c:/program files (x86)/gnu tools arm embedded/4.7 2013q2/bin/../lib/gcc/arm-none-eabi/4.7.4/../../../../arm-none-eabi/lib/armv7-m\libg.a(lib_a-mallocr.o) (__malloc_lock)
c:/program files (x86)/gnu tools arm embedded/4.7 2013q2/bin/../lib/gcc/arm-none-eabi/4.7.4/../../../../arm-none-eabi/lib/armv7-m\libg.a(lib_a-sbrkr.o)
                              c:/program files (x86)/gnu tools arm embedded/4.7 2013q2/bin/../lib/gcc/arm-none-eabi/4.7.4/../../../../arm-none-eabi/lib/armv7-m\libg.a(lib_a-mallocr.o) (_sbrk_r)
c:/program files (x86)/gnu tools arm embedded/4.7 2013q2/bin/../lib/gcc/arm-none-eabi/4.7.4/../../../../arm-none-eabi/lib/armv7-m\libg.a(lib_a-sprintf.o)
                              ..\obj\tasks.o (sprintf)
c:/program files (x86)/gnu tools arm embedded/4.7 2013q2/bin/../lib/gcc/arm-none-eabi/4.7.4/../../../../arm-none-eabi/lib/armv7-m\libg.a(lib_a-strlen.o)
                              ..\obj\tasks.o (strlen)
c:/program files (x86)/gnu tools arm embedded/4.7 2013q2/bin/../lib/gcc/arm-none-eabi/4.7.4/../../../../arm-none-eabi/lib/armv7-m\libg.a(lib_a-svfprintf.o)
                              c:/program files (x86)/gnu tools arm embedded/4.7 2013q2/bin/../lib/gcc/arm-none-eabi/4.7.4/../../../../arm-none-eabi/lib/armv7-m\libg.a(lib_a-sprintf.o) (_svfprintf_r)
c:/program files (x86)/gnu tools arm embedded/4.7 2013q2/bin/../lib/gcc/arm-none-eabi/4.7.4/../../../../arm-none-eabi/lib/armv7-m\libg.a(lib_a-dtoa.o)
                              c:/program files (x86)/gnu tools arm embedded/4.7 2013q2/bin/../lib/gcc/arm-none-eabi/4.7.4/../../../../arm-none-eabi/lib/armv7-m\libg.a(lib_a-svfprintf.o) (_dtoa_r)
c:/program files (x86)/gnu tools arm embedded/4.7 2013q2/bin/../lib/gcc/arm-none-eabi/4.7.4/../../../../arm-none-eabi/lib/armv7-m\libg.a(lib_a-freer.o)
                              c:/program files (x86)/gnu tools arm embedded/4.7 2013q2/bin/../lib/gcc/arm-none-eabi/4.7.4/../../../../arm-none-eabi/lib/armv7-m\libg.a(lib_a-malloc.o) (_free_r)
c:/program files (x86)/gnu tools arm embedded/4.7 2013q2/bin/../lib/gcc/arm-none-eabi/4.7.4/../../../../arm-none-eabi/lib/armv7-m\libg.a(lib_a-impure.o)
                              c:/program files (x86)/gnu tools arm embedded/4.7 2013q2/bin/../lib/gcc/arm-none-eabi/4.7.4/../../../../arm-none-eabi/lib/armv7-m\libg.a(lib_a-malloc.o) (_impure_ptr)
c:/program files (x86)/gnu tools arm embedded/4.7 2013q2/bin/../lib/gcc/arm-none-eabi/4.7.4/../../../../arm-none-eabi/lib/armv7-m\libg.a(lib_a-locale.o)
                              c:/program files (x86)/gnu tools arm embedded/4.7 2013q2/bin/../lib/gcc/arm-none-eabi/4.7.4/../../../../arm-none-eabi/lib/armv7-m\libg.a(lib_a-svfprintf.o) (_localeconv_r)
c:/program files (x86)/gnu tools arm embedded/4.7 2013q2/bin/../lib/gcc/arm-none-eabi/4.7.4/../../../../arm-none-eabi/lib/armv7-m\libg.a(lib_a-memchr.o)
                              c:/program files (x86)/gnu tools arm embedded/4.7 2013q2/bin/../lib/gcc/arm-none-eabi/4.7.4/../../../../arm-none-eabi/lib/armv7-m\libg.a(lib_a-svfprintf.o) (memchr)
c:/program files (x86)/gnu tools arm embedded/4.7 2013q2/bin/../lib/gcc/arm-none-eabi/4.7.4/../../../../arm-none-eabi/lib/armv7-m\libg.a(lib_a-mprec.o)
                              c:/program files (x86)/gnu tools arm embedded/4.7 2013q2/bin/../lib/gcc/arm-none-eabi/4.7.4/../../../../arm-none-eabi/lib/armv7-m\libg.a(lib_a-dtoa.o) (_Balloc)
c:/program files (x86)/gnu tools arm embedded/4.7 2013q2/bin/../lib/gcc/arm-none-eabi/4.7.4/../../../../arm-none-eabi/lib/armv7-m\libg.a(lib_a-reent.o)
[...]
Memory Configuration

Name             Origin             Length             Attributes
rom              0x08000000         0x00040000         xr
ram              0x20000000         0x00010000         xrw
*default*        0x00000000         0xffffffff

Linker script and memory map

                0x20010000                _eram = 0x20010000

.text           0x08000000      0x4c0
 *(.isr_vector .isr_vector.*)
 .isr_vector    0x08000000      0x154 ..\obj\startup_stm32f10x_cl.o
                0x08000000                g_pfnVectors
 *(.text .text.* .gnu.linkonce.t.*)
 .text.SystemInit
                0x08000154       0xd0 ..\obj\system_stm32f10x.o
                0x08000154                SystemInit
 .text.SetSysClock
                0x08000224        0xc ..\obj\system_stm32f10x.o
 .text.SetSysClockTo72
                0x08000230      0x210 ..\obj\system_stm32f10x.o
 .text.main     0x08000440        0x8 ..\obj\main.o
                0x08000440                main
 .text.Default_Reset_Handler
                0x08000448       0x70 ..\obj\startup_stm32f10x_cl.o
                0x08000448                Default_Reset_Handler
                0x08000448                Reset_Handler
 .text.Default_Handler
                0x080004b8        0x8 ..\obj\startup_stm32f10x_cl.o
                0x080004b8                EXTI2_IRQHandler
                0x080004b8                DebugMon_Handler
                0x080004b8                TIM1_CC_IRQHandler
                0x080004b8                HardFault_Handler
                0x080004b8                TIM6_IRQHandler
                0x080004b8                SysTick_Handler
                0x080004b8                PVD_IRQHandler
                0x080004b8                PendSV_Handler
                0x080004b8                NMI_Handler
                0x080004b8                CAN2_RX1_IRQHandler
                0x080004b8                EXTI3_IRQHandler
                0x080004b8                EXTI0_IRQHandler
                0x080004b8                I2C2_EV_IRQHandler
                0x080004b8                CAN1_RX0_IRQHandler
                0x080004b8                UsageFault_Handler
                0x080004b8                CAN2_SCE_IRQHandler
                0x080004b8                ADC1_2_IRQHandler
                0x080004b8                SPI1_IRQHandler
                0x080004b8                TAMPER_IRQHandler
                0x080004b8                CAN2_RX0_IRQHandler
                0x080004b8                DMA2_Channel2_IRQHandler
                0x080004b8                DMA1_Channel4_IRQHandler
                0x080004b8                USART3_IRQHandler
                0x080004b8                RTC_IRQHandler
                0x080004b8                DMA1_Channel7_IRQHandler
                0x080004b8                CAN1_RX1_IRQHandler
                0x080004b8                UART5_IRQHandler
                0x080004b8                TIM4_IRQHandler
                0x080004b8                DMA2_Channel1_IRQHandler
                0x080004b8                I2C1_EV_IRQHandler
                0x080004b8                DMA1_Channel6_IRQHandler
                0x080004b8                UART4_IRQHandler
                0x080004b8                DMA2_Channel4_IRQHandler
                0x080004b8                TIM3_IRQHandler
                0x080004b8                RCC_IRQHandler
                0x080004b8                TIM1_TRG_COM_IRQHandler
                0x080004b8                DMA1_Channel1_IRQHandler
                0x080004b8                EXTI15_10_IRQHandler
                0x080004b8                TIM7_IRQHandler
                0x080004b8                CAN2_TX_IRQHandler
                0x080004b8                TIM5_IRQHandler
                0x080004b8                EXTI9_5_IRQHandler
                0x080004b8                ETH_WKUP_IRQHandler
                0x080004b8                SPI2_IRQHandler
                0x080004b8                MemManage_Handler
                0x080004b8                CAN1_TX_IRQHandler
                0x080004b8                SVC_Handler
                0x080004b8                DMA2_Channel5_IRQHandler
                0x080004b8                DMA1_Channel5_IRQHandler
                0x080004b8                EXTI4_IRQHandler
                0x080004b8                DMA1_Channel3_IRQHandler
                0x080004b8                ETH_IRQHandler
                0x080004b8                TIM1_UP_IRQHandler
                0x080004b8                WWDG_IRQHandler
                0x080004b8                TIM2_IRQHandler
                0x080004b8                OTG_FS_WKUP_IRQHandler
                0x080004b8                TIM1_BRK_IRQHandler
                0x080004b8                EXTI1_IRQHandler
                0x080004b8                RTCAlarm_IRQHandler
                0x080004b8                USART2_IRQHandler
                0x080004b8                I2C2_ER_IRQHandler
                0x080004b8                DMA1_Channel2_IRQHandler
                0x080004b8                CAN1_SCE_IRQHandler
                0x080004b8                FLASH_IRQHandler
                0x080004b8                BusFault_Handler
                0x080004b8                USART1_IRQHandler
                0x080004b8                OTG_FS_IRQHandler
                0x080004b8                SPI3_IRQHandler
                0x080004b8                I2C1_ER_IRQHandler
                0x080004b8                DMA2_Channel3_IRQHandler
 *(.glue_7t)
 .glue_7t       0x00000000        0x0 linker stubs
 *(.glue_7)
 .glue_7        0x00000000        0x0 linker stubs
 *(.rodata .rodata* .gnu.linkonce.r.*)

.vfp11_veneer   0x080004c0        0x0
 .vfp11_veneer  0x00000000        0x0 linker stubs

.v4_bx          0x080004c0        0x0
 .v4_bx         0x00000000        0x0 linker stubs

.iplt           0x080004c0        0x0
 .iplt          0x00000000        0x0 ..\obj\stm32f10x_rtc.o

.rel.dyn        0x080004c0        0x0
 .rel.iplt      0x00000000        0x0 ..\obj\stm32f10x_rtc.o

.ARM.extab
 *(.ARM.extab* .gnu.linkonce.armextab.*)
                0x080004c0                __exidx_start = .

.ARM.exidx
 *(.ARM.exidx* .gnu.linkonce.armexidx.*)
                0x080004c0                __exidx_end = .
                0x080004c0                . = ALIGN (0x4)
                0x080004c0                _etext = .
                0x080004c0                _sidata = .

.data           0x20000000        0x0 load address 0x080004c0
                0x20000000                _sdata = .
 *(.data .data.*)
                0x20000000                . = ALIGN (0x4)
                0x20000000                _edata = .

.igot.plt       0x20000000        0x0
 .igot.plt      0x00000000        0x0 ..\obj\stm32f10x_rtc.o

.bss            0x20000000        0x0
                0x20000000                _sbss = .
 *(.bss .bss.*)
 *(COMMON)
                0x20000000                . = ALIGN (0x4)
                0x20000000                _ebss = .

.co_stack       0x20000000      0x400
                0x20000000                . = ALIGN (0x8)
 *(.co_stack .co_stack.*)
 .co_stack      0x20000000      0x400 ..\obj\startup_stm32f10x_cl.o
                0x20000000                pulStack
                0x20000400                . = ALIGN (0x4)
                0x20000400                _end = .
LOAD ..\obj\stm32f10x_rtc.o
LOAD ..\obj\stm32f10x_tim.o
LOAD ..\obj\core_cm3.o
LOAD ..\obj\stm32f10x_dbgmcu.o
LOAD ..\obj\system_stm32f10x.o
LOAD ..\obj\GLCD_SPI_STM32.o
LOAD ..\obj\TS_I2C.o
LOAD ..\obj\stm32f10x_pwr.o
LOAD ..\obj\stm32f10x_gpio.o
LOAD ..\obj\stm32f10x_dac.o
LOAD ..\obj\main.o
LOAD ..\obj\timers.o
LOAD ..\obj\stm32f10x_crc.o
LOAD ..\obj\stm32f10x_rcc.o
LOAD ..\obj\startup_stm32f10x_cl.o
LOAD ..\obj\stm32f10x_exti.o
LOAD ..\obj\tasks.o
LOAD ..\obj\stm32f10x_adc.o
LOAD ..\obj\stm32f10x_usart.o
LOAD ..\obj\list.o
LOAD ..\obj\stm32f10x_flash.o
LOAD ..\obj\touch_panel.o
LOAD ..\obj\port.o
LOAD ..\obj\queue.o
LOAD ..\obj\stm32f10x_dma.o
LOAD ..\obj\croutine.o
LOAD ..\obj\itoa.o
LOAD ..\obj\misc.o
LOAD ..\obj\stm32f10x_wwdg.o
LOAD ..\obj\stm32f10x_spi.o
LOAD ..\obj\stm32f10x_i2c.o
LOAD ..\obj\I2C_STM32.o
LOAD ..\obj\graph_logic.o
LOAD ..\obj\stm32f10x_bkp.o
LOAD ..\obj\heap_3.o
LOAD ..\obj\stm32f10x_iwdg.o
START GROUP
LOAD c:/program files (x86)/gnu tools arm embedded/4.7 2013q2/bin/../lib/gcc/arm-none-eabi/4.7.4/armv7-m\libgcc.a
LOAD c:/program files (x86)/gnu tools arm embedded/4.7 2013q2/bin/../lib/gcc/arm-none-eabi/4.7.4/../../../../arm-none-eabi/lib/armv7-m\libg.a
LOAD c:/program files (x86)/gnu tools arm embedded/4.7 2013q2/bin/../lib/gcc/arm-none-eabi/4.7.4/../../../../arm-none-eabi/lib/armv7-m\libc.a
END GROUP
OUTPUT(freertos.elf elf32-littlearm)

.debug_info     0x00000000      0x619
 .debug_info    0x00000000      0x4d3 ..\obj\system_stm32f10x.o
 .debug_info    0x000004d3       0x47 ..\obj\main.o
 .debug_info    0x0000051a       0xff ..\obj\startup_stm32f10x_cl.o

.debug_abbrev   0x00000000      0x25b
 .debug_abbrev  0x00000000      0x179 ..\obj\system_stm32f10x.o
 .debug_abbrev  0x00000179       0x39 ..\obj\main.o
 .debug_abbrev  0x000001b2       0xa9 ..\obj\startup_stm32f10x_cl.o

.debug_loc      0x00000000      0x158
 .debug_loc     0x00000000       0xc8 ..\obj\system_stm32f10x.o
 .debug_loc     0x000000c8       0x2c ..\obj\main.o
 .debug_loc     0x000000f4       0x64 ..\obj\startup_stm32f10x_cl.o

.debug_aranges  0x00000000       0x80
 .debug_aranges
                0x00000000       0x38 ..\obj\system_stm32f10x.o
 .debug_aranges
                0x00000038       0x20 ..\obj\main.o
 .debug_aranges
                0x00000058       0x28 ..\obj\startup_stm32f10x_cl.o

.debug_ranges   0x00000000       0x50
 .debug_ranges  0x00000000       0x28 ..\obj\system_stm32f10x.o
 .debug_ranges  0x00000028       0x10 ..\obj\main.o
 .debug_ranges  0x00000038       0x18 ..\obj\startup_stm32f10x_cl.o

.debug_line     0x00000000      0x2e6
 .debug_line    0x00000000      0x1ea ..\obj\system_stm32f10x.o
 .debug_line    0x000001ea       0x5c ..\obj\main.o
 .debug_line    0x00000246       0xa0 ..\obj\startup_stm32f10x_cl.o

.debug_str      0x00000000      0x365
 .debug_str     0x00000000      0x288 ..\obj\system_stm32f10x.o
                                0x2c1 (size before relaxing)
 .debug_str     0x00000288       0x2f ..\obj\main.o
                                 0x78 (size before relaxing)
 .debug_str     0x000002b7       0xae ..\obj\startup_stm32f10x_cl.o
                                0x112 (size before relaxing)

.comment        0x00000000       0x70
 .comment       0x00000000       0x70 ..\obj\system_stm32f10x.o
                                 0x71 (size before relaxing)
 .comment       0x00000000       0x71 ..\obj\main.o
 .comment       0x00000000       0x71 ..\obj\startup_stm32f10x_cl.o

.ARM.attributes
                0x00000000       0x33
 .ARM.attributes
                0x00000000       0x33 ..\obj\system_stm32f10x.o
 .ARM.attributes
                0x00000033       0x33 ..\obj\main.o
 .ARM.attributes
                0x00000066       0x33 ..\obj\startup_stm32f10x_cl.o

.debug_frame    0x00000000       0xf0
 .debug_frame   0x00000000       0x80 ..\obj\system_stm32f10x.o
 .debug_frame   0x00000080       0x28 ..\obj\main.o
 .debug_frame   0x000000a8       0x48 ..\obj\startup_stm32f10x_cl.o
