Archive member included because of file (symbol)

c:/program files (x86)/gnu tools arm embedded/4.7 2013q2/bin/../lib/gcc/arm-none-eabi/4.7.4/../../../../arm-none-eabi/lib/armv7-m\libg.a(lib_a-memcpy.o)
                              ..\obj\queue.o (memcpy)
c:/program files (x86)/gnu tools arm embedded/4.7 2013q2/bin/../lib/gcc/arm-none-eabi/4.7.4/../../../../arm-none-eabi/lib/armv7-m\libg.a(lib_a-memset.o)
                              ..\obj\tasks.o (memset)
c:/program files (x86)/gnu tools arm embedded/4.7 2013q2/bin/../lib/gcc/arm-none-eabi/4.7.4/../../../../arm-none-eabi/lib/armv7-m\libg.a(lib_a-printf.o)
                              ..\obj\main.o (printf)
c:/program files (x86)/gnu tools arm embedded/4.7 2013q2/bin/../lib/gcc/arm-none-eabi/4.7.4/../../../../arm-none-eabi/lib/armv7-m\libg.a(lib_a-puts.o)
                              ..\obj\LCD.o (puts)
c:/program files (x86)/gnu tools arm embedded/4.7 2013q2/bin/../lib/gcc/arm-none-eabi/4.7.4/../../../../arm-none-eabi/lib/armv7-m\libg.a(lib_a-sprintf.o)
                              ..\obj\main.o (sprintf)
c:/program files (x86)/gnu tools arm embedded/4.7 2013q2/bin/../lib/gcc/arm-none-eabi/4.7.4/../../../../arm-none-eabi/lib/armv7-m\libg.a(lib_a-strlen.o)
                              c:/program files (x86)/gnu tools arm embedded/4.7 2013q2/bin/../lib/gcc/arm-none-eabi/4.7.4/../../../../arm-none-eabi/lib/armv7-m\libg.a(lib_a-puts.o) (strlen)
c:/program files (x86)/gnu tools arm embedded/4.7 2013q2/bin/../lib/gcc/arm-none-eabi/4.7.4/../../../../arm-none-eabi/lib/armv7-m\libg.a(lib_a-svfprintf.o)
                              c:/program files (x86)/gnu tools arm embedded/4.7 2013q2/bin/../lib/gcc/arm-none-eabi/4.7.4/../../../../arm-none-eabi/lib/armv7-m\libg.a(lib_a-sprintf.o) (_svfprintf_r)
c:/program files (x86)/gnu tools arm embedded/4.7 2013q2/bin/../lib/gcc/arm-none-eabi/4.7.4/../../../../arm-none-eabi/lib/armv7-m\libg.a(lib_a-vfprintf.o)
                              c:/program files (x86)/gnu tools arm embedded/4.7 2013q2/bin/../lib/gcc/arm-none-eabi/4.7.4/../../../../arm-none-eabi/lib/armv7-m\libg.a(lib_a-printf.o) (_vfprintf_r)
c:/program files (x86)/gnu tools arm embedded/4.7 2013q2/bin/../lib/gcc/arm-none-eabi/4.7.4/../../../../arm-none-eabi/lib/armv7-m\libg.a(lib_a-wsetup.o)
                              c:/program files (x86)/gnu tools arm embedded/4.7 2013q2/bin/../lib/gcc/arm-none-eabi/4.7.4/../../../../arm-none-eabi/lib/armv7-m\libg.a(lib_a-vfprintf.o) (__swsetup_r)
c:/program files (x86)/gnu tools arm embedded/4.7 2013q2/bin/../lib/gcc/arm-none-eabi/4.7.4/../../../../arm-none-eabi/lib/armv7-m\libg.a(lib_a-dtoa.o)
                              c:/program files (x86)/gnu tools arm embedded/4.7 2013q2/bin/../lib/gcc/arm-none-eabi/4.7.4/../../../../arm-none-eabi/lib/armv7-m\libg.a(lib_a-svfprintf.o) (_dtoa_r)
c:/program files (x86)/gnu tools arm embedded/4.7 2013q2/bin/../lib/gcc/arm-none-eabi/4.7.4/../../../../arm-none-eabi/lib/armv7-m\libg.a(lib_a-fflush.o)
                              c:/program files (x86)/gnu tools arm embedded/4.7 2013q2/bin/../lib/gcc/arm-none-eabi/4.7.4/../../../../arm-none-eabi/lib/armv7-m\libg.a(lib_a-vfprintf.o) (_fflush_r)
c:/program files (x86)/gnu tools arm embedded/4.7 2013q2/bin/../lib/gcc/arm-none-eabi/4.7.4/../../../../arm-none-eabi/lib/armv7-m\libg.a(lib_a-findfp.o)
                              c:/program files (x86)/gnu tools arm embedded/4.7 2013q2/bin/../lib/gcc/arm-none-eabi/4.7.4/../../../../arm-none-eabi/lib/armv7-m\libg.a(lib_a-vfprintf.o) (__sinit)
c:/program files (x86)/gnu tools arm embedded/4.7 2013q2/bin/../lib/gcc/arm-none-eabi/4.7.4/../../../../arm-none-eabi/lib/armv7-m\libg.a(lib_a-freer.o)
                              c:/program files (x86)/gnu tools arm embedded/4.7 2013q2/bin/../lib/gcc/arm-none-eabi/4.7.4/../../../../arm-none-eabi/lib/armv7-m\libg.a(lib_a-wsetup.o) (_free_r)
c:/program files (x86)/gnu tools arm embedded/4.7 2013q2/bin/../lib/gcc/arm-none-eabi/4.7.4/../../../../arm-none-eabi/lib/armv7-m\libg.a(lib_a-fvwrite.o)
                              c:/program files (x86)/gnu tools arm embedded/4.7 2013q2/bin/../lib/gcc/arm-none-eabi/4.7.4/../../../../arm-none-eabi/lib/armv7-m\libg.a(lib_a-puts.o) (__sfvwrite_r)
c:/program files (x86)/gnu tools arm embedded/4.7 2013q2/bin/../lib/gcc/arm-none-eabi/4.7.4/../../../../arm-none-eabi/lib/armv7-m\libg.a(lib_a-fwalk.o)
                              c:/program files (x86)/gnu tools arm embedded/4.7 2013q2/bin/../lib/gcc/arm-none-eabi/4.7.4/../../../../arm-none-eabi/lib/armv7-m\libg.a(lib_a-findfp.o) (_fwalk)
c:/program files (x86)/gnu tools arm embedded/4.7 2013q2/bin/../lib/gcc/arm-none-eabi/4.7.4/../../../../arm-none-eabi/lib/armv7-m\libg.a(lib_a-impure.o)
                              c:/program files (x86)/gnu tools arm embedded/4.7 2013q2/bin/../lib/gcc/arm-none-eabi/4.7.4/../../../../arm-none-eabi/lib/armv7-m\libg.a(lib_a-fflush.o) (_global_impure_ptr)
[...]
Memory Configuration

Name             Origin             Length             Attributes
rom              0x08000000         0x00040000         xr
ram              0x20000000         0x00010000         xrw
*default*        0x00000000         0xffffffff

Linker script and memory map

                0x20010000                _eram = 0x20010000

.text           0x08000000    0x145b8
 *(.isr_vector .isr_vector.*)
 .isr_vector    0x08000000      0x154 ..\obj\startup_stm32f10x_cl.o
                0x08000000                g_pfnVectors
 *(.text .text.* .gnu.linkonce.t.*)
 .text.RTC_ITConfig
                0x08000154       0x60 ..\obj\stm32f10x_rtc.o
                0x08000154                RTC_ITConfig
 .text.RTC_EnterConfigMode
                0x080001b4       0x28 ..\obj\stm32f10x_rtc.o
                0x080001b4                RTC_EnterConfigMode
 .text.RTC_ExitConfigMode
                0x080001dc       0x28 ..\obj\stm32f10x_rtc.o
                0x080001dc                RTC_ExitConfigMode
 .text.RTC_GetCounter
                0x08000204       0x38 ..\obj\stm32f10x_rtc.o
                0x08000204                RTC_GetCounter
 .text.RTC_SetPrescaler
                0x0800023c       0x3c ..\obj\stm32f10x_rtc.o
                0x0800023c                RTC_SetPrescaler
 .text.RTC_WaitForLastTask
                0x08000278       0x20 ..\obj\stm32f10x_rtc.o
                0x08000278                RTC_WaitForLastTask
 .text.RTC_WaitForSynchro
                0x08000298       0x3c ..\obj\stm32f10x_rtc.o
                0x08000298                RTC_WaitForSynchro
 .text.RTC_GetITStatus
                0x080002d4       0x60 ..\obj\stm32f10x_rtc.o
                0x080002d4                RTC_GetITStatus
 .text.RTC_ClearITPendingBit
                0x08000334       0x38 ..\obj\stm32f10x_rtc.o
                0x08000334                RTC_ClearITPendingBit
 .text.prvSetupHardware
                0x0800036c       0x98 ..\obj\init_board.o
                0x0800036c                prvSetupHardware
 .text.ADC_Conf
                0x08000404       0xbc ..\obj\init_board.o
                0x08000404                ADC_Conf
 .text.SPI_Conf
                0x080004c0       0x78 ..\obj\init_board.o
                0x080004c0                SPI_Conf
 .text.GPIO_Conf
                0x08000538      0x110 ..\obj\init_board.o
                0x08000538                GPIO_Conf
 .text.NVIC_Conf
                0x08000648       0x5c ..\obj\init_board.o
                0x08000648                NVIC_Conf
 .text.RCC_Conf
                0x080006a4       0x28 ..\obj\init_board.o
                0x080006a4                RCC_Conf
 .text.USART_Configuration
                0x080006cc       0x40 ..\obj\init_board.o
                0x080006cc                USART_Configuration
 .text.SystemInit
                0x0800070c       0xd0 ..\obj\system_stm32f10x.o
                0x0800070c                SystemInit
 .text.SetSysClock
                0x080007dc        0xc ..\obj\system_stm32f10x.o
 .text.SetSysClockTo72
                0x080007e8      0x210 ..\obj\system_stm32f10x.o
 .text.STM_EVAL_LEDOn
                0x080009f8       0x34 ..\obj\stm32_eval.o
                0x080009f8                STM_EVAL_LEDOn
 .text.STM_EVAL_LEDOff
                0x08000a2c       0x34 ..\obj\stm32_eval.o
                0x08000a2c                STM_EVAL_LEDOff
 .text.STM_EVAL_COMInit
                0x08000a60       0xf0 ..\obj\stm32_eval.o
                0x08000a60                STM_EVAL_COMInit
 .text.delay    0x08000b50       0x34 ..\obj\GLCD_SPI_STM32.o
 .text.spi_send
                0x08000b84       0x48 ..\obj\GLCD_SPI_STM32.o
 .text.wr_cmd   0x08000bcc       0x48 ..\obj\GLCD_SPI_STM32.o
 .text.wr_dat   0x08000c14       0x50 ..\obj\GLCD_SPI_STM32.o
 .text.wr_dat_start
                0x08000c64       0x1c ..\obj\GLCD_SPI_STM32.o
 .text.wr_dat_stop
                0x08000c80       0x18 ..\obj\GLCD_SPI_STM32.o
 .text.wr_dat_only
                0x08000c98       0x2c ..\obj\GLCD_SPI_STM32.o
 .text.rd_dat   0x08000cc4       0x6c ..\obj\GLCD_SPI_STM32.o
 .text.wr_reg   0x08000d30       0x28 ..\obj\GLCD_SPI_STM32.o
 .text.rd_reg   0x08000d58       0x24 ..\obj\GLCD_SPI_STM32.o
 .text.GLCD_Init
                0x08000d7c      0x520 ..\obj\GLCD_SPI_STM32.o
                0x08000d7c                GLCD_Init
 .text.GLCD_WindowMax
                0x0800129c       0x38 ..\obj\GLCD_SPI_STM32.o
                0x0800129c                GLCD_WindowMax
 .text.GLCD_SetTextColor
                0x080012d4       0x20 ..\obj\GLCD_SPI_STM32.o
                0x080012d4                GLCD_SetTextColor
 .text.GLCD_SetBackColor
                0x080012f4       0x20 ..\obj\GLCD_SPI_STM32.o
                0x080012f4                GLCD_SetBackColor
 .text.GLCD_Clear
                0x08001314       0x64 ..\obj\GLCD_SPI_STM32.o
                0x08001314                GLCD_Clear
 .text.GLCD_DrawChar
                0x08001378      0x108 ..\obj\GLCD_SPI_STM32.o
                0x08001378                GLCD_DrawChar
 .text.GLCD_DisplayChar
                0x08001480       0x58 ..\obj\GLCD_SPI_STM32.o
                0x08001480                GLCD_DisplayChar
 .text.GLCD_DisplayString
                0x080014d8       0x44 ..\obj\GLCD_SPI_STM32.o
                0x080014d8                GLCD_DisplayString
 .text.GLCD_Bmp
                0x0800151c      0x104 ..\obj\GLCD_SPI_STM32.o
                0x0800151c                GLCD_Bmp
 .text.TS_Init  0x08001620       0x2c ..\obj\TS_I2C.o
                0x08001620                TS_Init
 .text.TS_Write
                0x0800164c       0x5c ..\obj\TS_I2C.o
                0x0800164c                TS_Write
 .text.TS_Read  0x080016a8       0x80 ..\obj\TS_I2C.o
                0x080016a8                TS_Read
 .text.PWR_BackupAccessCmd
                0x08001728       0x20 ..\obj\stm32f10x_pwr.o
                0x08001728                PWR_BackupAccessCmd
 .text.GPIO_Init
                0x08001748      0x1b0 ..\obj\stm32f10x_gpio.o
                0x08001748                GPIO_Init
 .text.GPIO_PinRemapConfig
                0x080018f8      0x120 ..\obj\stm32f10x_gpio.o
                0x080018f8                GPIO_PinRemapConfig
 .text.GPIO_EXTILineConfig
                0x08001a18       0xb0 ..\obj\stm32f10x_gpio.o
                0x08001a18                GPIO_EXTILineConfig
 .text.temp_tc77
                0x08001ac8      0x13c ..\obj\main.o
                0x08001ac8                temp_tc77
 .text.humidity
                0x08001c04       0xd8 ..\obj\main.o
                0x08001c04                humidity
 .text.lcd_task
                0x08001cdc       0x1c ..\obj\main.o
                0x08001cdc                lcd_task
 .text.sensor_task
                0x08001cf8       0x38 ..\obj\main.o
                0x08001cf8                sensor_task
 .text.main     0x08001d30       0x80 ..\obj\main.o
                0x08001d30                main
 .text.RCC_HCLKConfig
                0x08001db0       0x40 ..\obj\stm32f10x_rcc.o
                0x08001db0                RCC_HCLKConfig
 .text.RCC_PCLK1Config
                0x08001df0       0x40 ..\obj\stm32f10x_rcc.o
                0x08001df0                RCC_PCLK1Config
 .text.RCC_PCLK2Config
                0x08001e30       0x44 ..\obj\stm32f10x_rcc.o
                0x08001e30                RCC_PCLK2Config
 .text.RCC_ADCCLKConfig
                0x08001e74       0x40 ..\obj\stm32f10x_rcc.o
                0x08001e74                RCC_ADCCLKConfig
 .text.RCC_LSEConfig
                0x08001eb4       0x60 ..\obj\stm32f10x_rcc.o
                0x08001eb4                RCC_LSEConfig
 .text.RCC_RTCCLKConfig
                0x08001f14       0x2c ..\obj\stm32f10x_rcc.o
                0x08001f14                RCC_RTCCLKConfig
 .text.RCC_RTCCLKCmd
                0x08001f40       0x20 ..\obj\stm32f10x_rcc.o
                0x08001f40                RCC_RTCCLKCmd
 .text.RCC_GetClocksFreq
                0x08001f60      0x260 ..\obj\stm32f10x_rcc.o
                0x08001f60                RCC_GetClocksFreq
 .text.RCC_APB2PeriphClockCmd
                0x080021c0       0x54 ..\obj\stm32f10x_rcc.o
                0x080021c0                RCC_APB2PeriphClockCmd
 .text.RCC_APB1PeriphClockCmd
                0x08002214       0x54 ..\obj\stm32f10x_rcc.o
                0x08002214                RCC_APB1PeriphClockCmd
 .text.RCC_GetFlagStatus
                0x08002268       0x90 ..\obj\stm32f10x_rcc.o
                0x08002268                RCC_GetFlagStatus
 .text.RCC_ClearFlag
                0x080022f8       0x24 ..\obj\stm32f10x_rcc.o
                0x080022f8                RCC_ClearFlag
 .text.Default_Reset_Handler
                0x0800231c       0x70 ..\obj\startup_stm32f10x_cl.o
                0x0800231c                Default_Reset_Handler
                0x0800231c                Reset_Handler
 .text.Default_Handler
                0x0800238c        0x8 ..\obj\startup_stm32f10x_cl.o
                0x0800238c                EXTI2_IRQHandler
                0x0800238c                TIM1_CC_IRQHandler
                0x0800238c                TIM6_IRQHandler
                0x0800238c                PVD_IRQHandler
                0x0800238c                CAN2_RX1_IRQHandler
                0x0800238c                EXTI3_IRQHandler
                0x0800238c                EXTI0_IRQHandler
                0x0800238c                I2C2_EV_IRQHandler
                0x0800238c                CAN1_RX0_IRQHandler
                0x0800238c                CAN2_SCE_IRQHandler
                0x0800238c                ADC1_2_IRQHandler
                0x0800238c                SPI1_IRQHandler
                0x0800238c                TAMPER_IRQHandler
                0x0800238c                CAN2_RX0_IRQHandler
                0x0800238c                DMA2_Channel2_IRQHandler
                0x0800238c                DMA1_Channel4_IRQHandler
                0x0800238c                USART3_IRQHandler
                0x0800238c                DMA1_Channel7_IRQHandler
                0x0800238c                CAN1_RX1_IRQHandler
                0x0800238c                UART5_IRQHandler
                0x0800238c                TIM4_IRQHandler
                0x0800238c                DMA2_Channel1_IRQHandler
                0x0800238c                I2C1_EV_IRQHandler
                0x0800238c                DMA1_Channel6_IRQHandler
                0x0800238c                UART4_IRQHandler
                0x0800238c                DMA2_Channel4_IRQHandler
                0x0800238c                TIM3_IRQHandler
                0x0800238c                RCC_IRQHandler
                0x0800238c                TIM1_TRG_COM_IRQHandler
                0x0800238c                DMA1_Channel1_IRQHandler
                0x0800238c                EXTI15_10_IRQHandler
                0x0800238c                TIM7_IRQHandler
                0x0800238c                CAN2_TX_IRQHandler
                0x0800238c                TIM5_IRQHandler
                0x0800238c                EXTI9_5_IRQHandler
                0x0800238c                ETH_WKUP_IRQHandler
                0x0800238c                SPI2_IRQHandler
                0x0800238c                CAN1_TX_IRQHandler
                0x0800238c                DMA2_Channel5_IRQHandler
                0x0800238c                DMA1_Channel5_IRQHandler
                0x0800238c                EXTI4_IRQHandler
                0x0800238c                DMA1_Channel3_IRQHandler
                0x0800238c                ETH_IRQHandler
                0x0800238c                TIM1_UP_IRQHandler
                0x0800238c                WWDG_IRQHandler
                0x0800238c                TIM2_IRQHandler
                0x0800238c                OTG_FS_WKUP_IRQHandler
                0x0800238c                TIM1_BRK_IRQHandler
                0x0800238c                RTCAlarm_IRQHandler
                0x0800238c                USART2_IRQHandler
                0x0800238c                I2C2_ER_IRQHandler
                0x0800238c                DMA1_Channel2_IRQHandler
                0x0800238c                CAN1_SCE_IRQHandler
                0x0800238c                FLASH_IRQHandler
                0x0800238c                USART1_IRQHandler
                0x0800238c                OTG_FS_IRQHandler
                0x0800238c                SPI3_IRQHandler
                0x0800238c                I2C1_ER_IRQHandler
                0x0800238c                DMA2_Channel3_IRQHandler
 .text.EXTI_Init
                0x08002394      0x138 ..\obj\stm32f10x_exti.o
                0x08002394                EXTI_Init
 .text.EXTI_GetITStatus
                0x080024cc       0x58 ..\obj\stm32f10x_exti.o
                0x080024cc                EXTI_GetITStatus
 .text.EXTI_ClearITPendingBit
                0x08002524       0x20 ..\obj\stm32f10x_exti.o
                0x08002524                EXTI_ClearITPendingBit
 .text.xTaskGenericCreate
                0x08002544      0x188 ..\obj\tasks.o
                0x08002544                xTaskGenericCreate
 .text.vTaskDelayUntil
                0x080026cc       0xa4 ..\obj\tasks.o
                0x080026cc                vTaskDelayUntil
 .text.vTaskDelay
                0x08002770       0x5c ..\obj\tasks.o
                0x08002770                vTaskDelay
 .text.vTaskStartScheduler
                0x080027cc       0x70 ..\obj\tasks.o
                0x080027cc                vTaskStartScheduler
 .text.vTaskSuspendAll
                0x0800283c       0x24 ..\obj\tasks.o
                0x0800283c                vTaskSuspendAll
 .text.xTaskResumeAll
                0x08002860      0x160 ..\obj\tasks.o
                0x08002860                xTaskResumeAll
 .text.xTaskGetTickCount
                0x080029c0       0x28 ..\obj\tasks.o
                0x080029c0                xTaskGetTickCount
 .text.xTaskIncrementTick
                0x080029e8      0x230 ..\obj\tasks.o
                0x080029e8                xTaskIncrementTick
 .text.vTaskSwitchContext
                0x08002c18       0xd0 ..\obj\tasks.o
                0x08002c18                vTaskSwitchContext
 .text.prvIdleTask
                0x08002ce8       0x24 ..\obj\tasks.o
 .text.prvInitialiseTCBVariables
                0x08002d0c       0x9c ..\obj\tasks.o
 .text.prvInitialiseTaskLists
                0x08002da8       0xa4 ..\obj\tasks.o
 .text.prvCheckTasksWaitingTermination
                0x08002e4c       0x9c ..\obj\tasks.o
 .text.prvAddCurrentTaskToDelayedList
                0x08002ee8       0x8c ..\obj\tasks.o
 .text.prvAllocateTCBAndStack
                0x08002f74       0x70 ..\obj\tasks.o
 .text.prvDeleteTCB
                0x08002fe4       0x20 ..\obj\tasks.o
 .text.ADC_Init
                0x08003004       0xb0 ..\obj\stm32f10x_adc.o
                0x08003004                ADC_Init
 .text.ADC_Cmd  0x080030b4       0x38 ..\obj\stm32f10x_adc.o
                0x080030b4                ADC_Cmd
 .text.ADC_ResetCalibration
                0x080030ec       0x20 ..\obj\stm32f10x_adc.o
                0x080030ec                ADC_ResetCalibration
 .text.ADC_StartCalibration
                0x0800310c       0x20 ..\obj\stm32f10x_adc.o
                0x0800310c                ADC_StartCalibration
 .text.ADC_GetCalibrationStatus
                0x0800312c       0x38 ..\obj\stm32f10x_adc.o
                0x0800312c                ADC_GetCalibrationStatus
 .text.ADC_SoftwareStartConvCmd
                0x08003164       0x38 ..\obj\stm32f10x_adc.o
                0x08003164                ADC_SoftwareStartConvCmd
 .text.ADC_RegularChannelConfig
                0x0800319c      0x1bc ..\obj\stm32f10x_adc.o
                0x0800319c                ADC_RegularChannelConfig
 .text.ADC_GetConversionValue
                0x08003358       0x1c ..\obj\stm32f10x_adc.o
                0x08003358                ADC_GetConversionValue
 .text.GLCD_Menu
                0x08003374      0x674 ..\obj\LCD.o
                0x08003374                GLCD_Menu
 .text.USART_Init
                0x080039e8      0x1ac ..\obj\stm32f10x_usart.o
                0x080039e8                USART_Init
 .text.USART_Cmd
                0x08003b94       0x40 ..\obj\stm32f10x_usart.o
                0x08003b94                USART_Cmd
 .text.USART_SendData
                0x08003bd4       0x28 ..\obj\stm32f10x_usart.o
                0x08003bd4                USART_SendData
 .text.USART_GetFlagStatus
                0x08003bfc       0x40 ..\obj\stm32f10x_usart.o
                0x08003bfc                USART_GetFlagStatus
 .text.vListInitialise
                0x08003c3c       0x40 ..\obj\list.o
                0x08003c3c                vListInitialise
 .text.vListInitialiseItem
                0x08003c7c       0x1c ..\obj\list.o
                0x08003c7c                vListInitialiseItem
 .text.vListInsertEnd
                0x08003c98       0x48 ..\obj\list.o
                0x08003c98                vListInsertEnd
 .text.vListInsert
                0x08003ce0       0x74 ..\obj\list.o
                0x08003ce0                vListInsert
 .text.uxListRemove
                0x08003d54       0x58 ..\obj\list.o
                0x08003d54                uxListRemove
 .text._sbrk    0x08003dac       0x5c ..\obj\syscalls.o
                0x08003dac                _sbrk
 .text._close   0x08003e08       0x18 ..\obj\syscalls.o
                0x08003e08                _close
 .text._fstat   0x08003e20       0x24 ..\obj\syscalls.o
                0x08003e20                _fstat
 .text._isatty  0x08003e44       0x18 ..\obj\syscalls.o
                0x08003e44                _isatty
 .text._lseek   0x08003e5c       0x1c ..\obj\syscalls.o
                0x08003e5c                _lseek
 .text._read    0x08003e78       0x1c ..\obj\syscalls.o
                0x08003e78                _read
 .text._write   0x08003e94       0x60 ..\obj\syscalls.o
                0x08003e94                _write
 .text.ProcessInterrupt
                0x08003ef4      0x138 ..\obj\stm32f10x_it.o
                0x08003ef4                ProcessInterrupt
 .text.NMI_Handler
                0x0800402c        0xc ..\obj\stm32f10x_it.o
                0x0800402c                NMI_Handler
 .text.HardFault_Handler
                0x08004038        0x8 ..\obj\stm32f10x_it.o
                0x08004038                HardFault_Handler
 .text.MemManage_Handler
                0x08004040        0x8 ..\obj\stm32f10x_it.o
                0x08004040                MemManage_Handler
 .text.BusFault_Handler
                0x08004048        0x8 ..\obj\stm32f10x_it.o
                0x08004048                BusFault_Handler
 .text.UsageFault_Handler
                0x08004050        0x8 ..\obj\stm32f10x_it.o
                0x08004050                UsageFault_Handler
 .text.DebugMon_Handler
                0x08004058        0xc ..\obj\stm32f10x_it.o
                0x08004058                DebugMon_Handler
 .text.EXTI1_IRQHandler
                0x08004064       0x20 ..\obj\stm32f10x_it.o
                0x08004064                EXTI1_IRQHandler
 .text.RTC_IRQHandler
                0x08004084       0x30 ..\obj\stm32f10x_it.o
                0x08004084                RTC_IRQHandler
 .text.TouchPanel_Conf
                0x080040b4      0x12c ..\obj\touch_panel.o
                0x080040b4                TouchPanel_Conf
 .text.pxPortInitialiseStack
                0x080041e0       0x64 ..\obj\port.o
                0x080041e0                pxPortInitialiseStack
 .text.prvTaskExitError
                0x08004244        0xc ..\obj\port.o
 .text.vPortSVCHandler
                0x08004250       0x20 ..\obj\port.o
                0x08004250                vPortSVCHandler
 .text.prvPortStartFirstTask
                0x08004270       0x14 ..\obj\port.o
 .text.xPortStartScheduler
                0x08004284       0x54 ..\obj\port.o
                0x08004284                xPortStartScheduler
 .text.vPortYield
                0x080042d8       0x20 ..\obj\port.o
                0x080042d8                vPortYield
 .text.vPortEnterCritical
                0x080042f8       0x2c ..\obj\port.o
                0x080042f8                vPortEnterCritical
 .text.vPortExitCritical
                0x08004324       0x34 ..\obj\port.o
                0x08004324                vPortExitCritical
 .text.ulPortSetInterruptMask
                0x08004358       0x14 ..\obj\port.o
                0x08004358                ulPortSetInterruptMask
 .text.vPortClearInterruptMask
                0x0800436c        0x8 ..\obj\port.o
                0x0800436c                vPortClearInterruptMask
 .text.xPortPendSVHandler
                0x08004374       0x3c ..\obj\port.o
                0x08004374                xPortPendSVHandler
 .text.xPortSysTickHandler
                0x080043b0       0x2c ..\obj\port.o
                0x080043b0                xPortSysTickHandler
 .text.vPortSetupTimerInterrupt
                0x080043dc       0x2c ..\obj\port.o
                0x080043dc                vPortSetupTimerInterrupt
 .text.NVIC_PriorityGroupConfig
                0x08004408       0x28 ..\obj\misc.o
                0x08004408                NVIC_PriorityGroupConfig
 .text.NVIC_Init
                0x08004430       0xe8 ..\obj\misc.o
                0x08004430                NVIC_Init
 .text.SPI_Init
                0x08004518       0x88 ..\obj\stm32f10x_spi.o
                0x08004518                SPI_Init
 .text.SPI_Cmd  0x080045a0       0x40 ..\obj\stm32f10x_spi.o
                0x080045a0                SPI_Cmd
 .text.SPI_I2S_ReceiveData
                0x080045e0       0x1c ..\obj\stm32f10x_spi.o
                0x080045e0                SPI_I2S_ReceiveData
 .text.SPI_SSOutputCmd
                0x080045fc       0x40 ..\obj\stm32f10x_spi.o
                0x080045fc                SPI_SSOutputCmd
 .text.SPI_I2S_GetFlagStatus
                0x0800463c       0x40 ..\obj\stm32f10x_spi.o
                0x0800463c                SPI_I2S_GetFlagStatus
 .text.pvPortMalloc
                0x0800467c       0xc0 ..\obj\heap_1.o
                0x0800467c                pvPortMalloc
 .text.vPortFree
                0x0800473c       0x14 ..\obj\heap_1.o
                0x0800473c                vPortFree
 .text.RTC_Configuration
                0x08004750       0x60 ..\obj\RTC.o
                0x08004750                RTC_Configuration
 .text.get_time
                0x080047b0       0xb8 ..\obj\RTC.o
                0x080047b0                get_time
 .text.I2C_sr   0x08004868       0x38 ..\obj\I2C_STM32.o
 .text.I2C_Init
                0x080048a0      0x118 ..\obj\I2C_STM32.o
                0x080048a0                I2C_Init
 .text.I2C_Start
                0x080049b8       0x34 ..\obj\I2C_STM32.o
                0x080049b8                I2C_Start
 .text.I2C_Stop
                0x080049ec       0x34 ..\obj\I2C_STM32.o
                0x080049ec                I2C_Stop
 .text.I2C_Addr
                0x08004a20       0x30 ..\obj\I2C_STM32.o
                0x08004a20                I2C_Addr
 .text.I2C_Write
                0x08004a50       0x30 ..\obj\I2C_STM32.o
                0x08004a50                I2C_Write
 .text.I2C_Read
                0x08004a80       0x70 ..\obj\I2C_STM32.o
                0x08004a80                I2C_Read
 .text.memcpy   0x08004af0      0x15c c:/program files (x86)/gnu tools arm embedded/4.7 2013q2/bin/../lib/gcc/arm-none-eabi/4.7.4/../../../../arm-none-eabi/lib/armv7-m\libg.a(lib_a-memcpy.o)
                0x08004af0                memcpy
 .text.memset   0x08004c4c      0x12c c:/program files (x86)/gnu tools arm embedded/4.7 2013q2/bin/../lib/gcc/arm-none-eabi/4.7.4/../../../../arm-none-eabi/lib/armv7-m\libg.a(lib_a-memset.o)
                0x08004c4c                memset
 .text.printf   0x08004d78       0x2c c:/program files (x86)/gnu tools arm embedded/4.7 2013q2/bin/../lib/gcc/arm-none-eabi/4.7.4/../../../../arm-none-eabi/lib/armv7-m\libg.a(lib_a-printf.o)
                0x08004d78                printf
 .text._puts_r  0x08004da4       0x68 c:/program files (x86)/gnu tools arm embedded/4.7 2013q2/bin/../lib/gcc/arm-none-eabi/4.7.4/../../../../arm-none-eabi/lib/armv7-m\libg.a(lib_a-puts.o)
                0x08004da4                _puts_r
 .text.puts     0x08004e0c       0x10 c:/program files (x86)/gnu tools arm embedded/4.7 2013q2/bin/../lib/gcc/arm-none-eabi/4.7.4/../../../../arm-none-eabi/lib/armv7-m\libg.a(lib_a-puts.o)
                0x08004e0c                puts
 .text.sprintf  0x08004e1c       0x50 c:/program files (x86)/gnu tools arm embedded/4.7 2013q2/bin/../lib/gcc/arm-none-eabi/4.7.4/../../../../arm-none-eabi/lib/armv7-m\libg.a(lib_a-sprintf.o)
                0x08004e1c                sprintf
 .text.strlen   0x08004e6c       0x60 c:/program files (x86)/gnu tools arm embedded/4.7 2013q2/bin/../lib/gcc/arm-none-eabi/4.7.4/../../../../arm-none-eabi/lib/armv7-m\libg.a(lib_a-strlen.o)
                0x08004e6c                strlen
 .text._svfprintf_r
                0x08004ecc     0x1adc c:/program files (x86)/gnu tools arm embedded/4.7 2013q2/bin/../lib/gcc/arm-none-eabi/4.7.4/../../../../arm-none-eabi/lib/armv7-m\libg.a(lib_a-svfprintf.o)
                0x08004ecc                _svfprintf_r
 .text._vfprintf_r
                0x080069a8     0x1c48 c:/program files (x86)/gnu tools arm embedded/4.7 2013q2/bin/../lib/gcc/arm-none-eabi/4.7.4/../../../../arm-none-eabi/lib/armv7-m\libg.a(lib_a-vfprintf.o)
                0x080069a8                _vfprintf_r
 .text.__sbprintf
                0x080085f0       0x80 c:/program files (x86)/gnu tools arm embedded/4.7 2013q2/bin/../lib/gcc/arm-none-eabi/4.7.4/../../../../arm-none-eabi/lib/armv7-m\libg.a(lib_a-vfprintf.o)
 .text.__swsetup_r
                0x08008670       0xc4 c:/program files (x86)/gnu tools arm embedded/4.7 2013q2/bin/../lib/gcc/arm-none-eabi/4.7.4/../../../../arm-none-eabi/lib/armv7-m\libg.a(lib_a-wsetup.o)
                0x08008670                __swsetup_r
 .text.quorem   0x08008734      0x2ec c:/program files (x86)/gnu tools arm embedded/4.7 2013q2/bin/../lib/gcc/arm-none-eabi/4.7.4/../../../../arm-none-eabi/lib/armv7-m\libg.a(lib_a-dtoa.o)
 .text._dtoa_r  0x08008a20     0x11f8 c:/program files (x86)/gnu tools arm embedded/4.7 2013q2/bin/../lib/gcc/arm-none-eabi/4.7.4/../../../../arm-none-eabi/lib/armv7-m\libg.a(lib_a-dtoa.o)
                0x08008a20                _dtoa_r
 .text._fflush_r
                0x08009c18      0x164 c:/program files (x86)/gnu tools arm embedded/4.7 2013q2/bin/../lib/gcc/arm-none-eabi/4.7.4/../../../../arm-none-eabi/lib/armv7-m\libg.a(lib_a-fflush.o)
                0x08009c18                _fflush_r
 .text._cleanup_r
                0x08009d7c        0xc c:/program files (x86)/gnu tools arm embedded/4.7 2013q2/bin/../lib/gcc/arm-none-eabi/4.7.4/../../../../arm-none-eabi/lib/armv7-m\libg.a(lib_a-findfp.o)
                0x08009d7c                _cleanup_r
 .text.std.isra.0
                0x08009d88       0x50 c:/program files (x86)/gnu tools arm embedded/4.7 2013q2/bin/../lib/gcc/arm-none-eabi/4.7.4/../../../../arm-none-eabi/lib/armv7-m\libg.a(lib_a-findfp.o)
 .text.__sinit  0x08009dd8       0x4c c:/program files (x86)/gnu tools arm embedded/4.7 2013q2/bin/../lib/gcc/arm-none-eabi/4.7.4/../../../../arm-none-eabi/lib/armv7-m\libg.a(lib_a-findfp.o)
                0x08009dd8                __sinit
 .text.__sfp_lock_acquire
                0x08009e24        0x4 c:/program files (x86)/gnu tools arm embedded/4.7 2013q2/bin/../lib/gcc/arm-none-eabi/4.7.4/../../../../arm-none-eabi/lib/armv7-m\libg.a(lib_a-findfp.o)
                0x08009e24                __sfp_lock_acquire
 .text.__sfp_lock_release
                0x08009e28        0x4 c:/program files (x86)/gnu tools arm embedded/4.7 2013q2/bin/../lib/gcc/arm-none-eabi/4.7.4/../../../../arm-none-eabi/lib/armv7-m\libg.a(lib_a-findfp.o)
                0x08009e28                __sfp_lock_release
 .text._malloc_trim_r
                0x08009e2c       0x98 c:/program files (x86)/gnu tools arm embedded/4.7 2013q2/bin/../lib/gcc/arm-none-eabi/4.7.4/../../../../arm-none-eabi/lib/armv7-m\libg.a(lib_a-freer.o)
                0x08009e2c                _malloc_trim_r
 .text._free_r  0x08009ec4      0x194 c:/program files (x86)/gnu tools arm embedded/4.7 2013q2/bin/../lib/gcc/arm-none-eabi/4.7.4/../../../../arm-none-eabi/lib/armv7-m\libg.a(lib_a-freer.o)
                0x08009ec4                _free_r
 .text.__sfvwrite_r
                0x0800a058      0x314 c:/program files (x86)/gnu tools arm embedded/4.7 2013q2/bin/../lib/gcc/arm-none-eabi/4.7.4/../../../../arm-none-eabi/lib/armv7-m\libg.a(lib_a-fvwrite.o)
                0x0800a058                __sfvwrite_r
 .text._fwalk   0x0800a36c       0xb8 c:/program files (x86)/gnu tools arm embedded/4.7 2013q2/bin/../lib/gcc/arm-none-eabi/4.7.4/../../../../arm-none-eabi/lib/armv7-m\libg.a(lib_a-fwalk.o)
                0x0800a36c                _fwalk
 .text.__locale_charset
                0x0800a424        0xc c:/program files (x86)/gnu tools arm embedded/4.7 2013q2/bin/../lib/gcc/arm-none-eabi/4.7.4/../../../../arm-none-eabi/lib/armv7-m\libg.a(lib_a-locale.o)
                0x0800a424                __locale_charset
 .text.__locale_mb_cur_max
                0x0800a430        0xc c:/program files (x86)/gnu tools arm embedded/4.7 2013q2/bin/../lib/gcc/arm-none-eabi/4.7.4/../../../../arm-none-eabi/lib/armv7-m\libg.a(lib_a-locale.o)
                0x0800a430                __locale_mb_cur_max
 .text._localeconv_r
                0x0800a43c        0xc c:/program files (x86)/gnu tools arm embedded/4.7 2013q2/bin/../lib/gcc/arm-none-eabi/4.7.4/../../../../arm-none-eabi/lib/armv7-m\libg.a(lib_a-locale.o)
                0x0800a43c                _localeconv_r
 .text.__smakebuf_r
                0x0800a448       0xe8 c:/program files (x86)/gnu tools arm embedded/4.7 2013q2/bin/../lib/gcc/arm-none-eabi/4.7.4/../../../../arm-none-eabi/lib/armv7-m\libg.a(lib_a-makebuf.o)
                0x0800a448                __smakebuf_r
 .text._malloc_r
                0x0800a530      0x530 c:/program files (x86)/gnu tools arm embedded/4.7 2013q2/bin/../lib/gcc/arm-none-eabi/4.7.4/../../../../arm-none-eabi/lib/armv7-m\libg.a(lib_a-mallocr.o)
                0x0800a530                _malloc_r
 .text.memchr   0x0800aa60      0x140 c:/program files (x86)/gnu tools arm embedded/4.7 2013q2/bin/../lib/gcc/arm-none-eabi/4.7.4/../../../../arm-none-eabi/lib/armv7-m\libg.a(lib_a-memchr.o)
                0x0800aa60                memchr
 .text.memmove  0x0800aba0      0x1b0 c:/program files (x86)/gnu tools arm embedded/4.7 2013q2/bin/../lib/gcc/arm-none-eabi/4.7.4/../../../../arm-none-eabi/lib/armv7-m\libg.a(lib_a-memmove.o)
                0x0800aba0                memmove
 .text.__malloc_lock
                0x0800ad50        0x4 c:/program files (x86)/gnu tools arm embedded/4.7 2013q2/bin/../lib/gcc/arm-none-eabi/4.7.4/../../../../arm-none-eabi/lib/armv7-m\libg.a(lib_a-mlock.o)
                0x0800ad50                __malloc_lock
 .text.__malloc_unlock
                0x0800ad54        0x4 c:/program files (x86)/gnu tools arm embedded/4.7 2013q2/bin/../lib/gcc/arm-none-eabi/4.7.4/../../../../arm-none-eabi/lib/armv7-m\libg.a(lib_a-mlock.o)
                0x0800ad54                __malloc_unlock
 .text._Balloc  0x0800ad58       0x4c c:/program files (x86)/gnu tools arm embedded/4.7 2013q2/bin/../lib/gcc/arm-none-eabi/4.7.4/../../../../arm-none-eabi/lib/armv7-m\libg.a(lib_a-mprec.o)
                0x0800ad58                _Balloc
 .text._Bfree   0x0800ada4       0x14 c:/program files (x86)/gnu tools arm embedded/4.7 2013q2/bin/../lib/gcc/arm-none-eabi/4.7.4/../../../../arm-none-eabi/lib/armv7-m\libg.a(lib_a-mprec.o)
                0x0800ada4                _Bfree
 .text.__multadd
                0x0800adb8       0xfc c:/program files (x86)/gnu tools arm embedded/4.7 2013q2/bin/../lib/gcc/arm-none-eabi/4.7.4/../../../../arm-none-eabi/lib/armv7-m\libg.a(lib_a-mprec.o)
                0x0800adb8                __multadd
 .text.__hi0bits
                0x0800aeb4       0x3c c:/program files (x86)/gnu tools arm embedded/4.7 2013q2/bin/../lib/gcc/arm-none-eabi/4.7.4/../../../../arm-none-eabi/lib/armv7-m\libg.a(lib_a-mprec.o)
                0x0800aeb4                __hi0bits
 .text.__lo0bits
                0x0800aef0       0x5c c:/program files (x86)/gnu tools arm embedded/4.7 2013q2/bin/../lib/gcc/arm-none-eabi/4.7.4/../../../../arm-none-eabi/lib/armv7-m\libg.a(lib_a-mprec.o)
                0x0800aef0                __lo0bits
 .text.__i2b    0x0800af4c       0x14 c:/program files (x86)/gnu tools arm embedded/4.7 2013q2/bin/../lib/gcc/arm-none-eabi/4.7.4/../../../../arm-none-eabi/lib/armv7-m\libg.a(lib_a-mprec.o)
                0x0800af4c                __i2b
 .text.__multiply
                0x0800af60      0x2d0 c:/program files (x86)/gnu tools arm embedded/4.7 2013q2/bin/../lib/gcc/arm-none-eabi/4.7.4/../../../../arm-none-eabi/lib/armv7-m\libg.a(lib_a-mprec.o)
                0x0800af60                __multiply
 .text.__pow5mult
                0x0800b230       0x94 c:/program files (x86)/gnu tools arm embedded/4.7 2013q2/bin/../lib/gcc/arm-none-eabi/4.7.4/../../../../arm-none-eabi/lib/armv7-m\libg.a(lib_a-mprec.o)
                0x0800b230                __pow5mult
 .text.__lshift
                0x0800b2c4      0x16c c:/program files (x86)/gnu tools arm embedded/4.7 2013q2/bin/../lib/gcc/arm-none-eabi/4.7.4/../../../../arm-none-eabi/lib/armv7-m\libg.a(lib_a-mprec.o)
                0x0800b2c4                __lshift
 .text.__mcmp   0x0800b430       0x5c c:/program files (x86)/gnu tools arm embedded/4.7 2013q2/bin/../lib/gcc/arm-none-eabi/4.7.4/../../../../arm-none-eabi/lib/armv7-m\libg.a(lib_a-mprec.o)
                0x0800b430                __mcmp
 .text.__mdiff  0x0800b48c      0x218 c:/program files (x86)/gnu tools arm embedded/4.7 2013q2/bin/../lib/gcc/arm-none-eabi/4.7.4/../../../../arm-none-eabi/lib/armv7-m\libg.a(lib_a-mprec.o)
                0x0800b48c                __mdiff
 .text.__d2b    0x0800b6a4       0xc0 c:/program files (x86)/gnu tools arm embedded/4.7 2013q2/bin/../lib/gcc/arm-none-eabi/4.7.4/../../../../arm-none-eabi/lib/armv7-m\libg.a(lib_a-mprec.o)
                0x0800b6a4                __d2b
 .text._realloc_r
                0x0800b764      0x3ec c:/program files (x86)/gnu tools arm embedded/4.7 2013q2/bin/../lib/gcc/arm-none-eabi/4.7.4/../../../../arm-none-eabi/lib/armv7-m\libg.a(lib_a-reallocr.o)
                0x0800b764                _realloc_r
 .text.__fpclassifyd
                0x0800bb50       0x68 c:/program files (x86)/gnu tools arm embedded/4.7 2013q2/bin/../lib/gcc/arm-none-eabi/4.7.4/../../../../arm-none-eabi/lib/armv7-m\libg.a(lib_a-s_fpclassify.o)
                0x0800bb50                __fpclassifyd
 .text._sbrk_r  0x0800bbb8       0x24 c:/program files (x86)/gnu tools arm embedded/4.7 2013q2/bin/../lib/gcc/arm-none-eabi/4.7.4/../../../../arm-none-eabi/lib/armv7-m\libg.a(lib_a-sbrkr.o)
                0x0800bbb8                _sbrk_r
 .text.__sread  0x0800bbdc       0x24 c:/program files (x86)/gnu tools arm embedded/4.7 2013q2/bin/../lib/gcc/arm-none-eabi/4.7.4/../../../../arm-none-eabi/lib/armv7-m\libg.a(lib_a-stdio.o)
                0x0800bbdc                __sread
 .text.__swrite
                0x0800bc00       0x44 c:/program files (x86)/gnu tools arm embedded/4.7 2013q2/bin/../lib/gcc/arm-none-eabi/4.7.4/../../../../arm-none-eabi/lib/armv7-m\libg.a(lib_a-stdio.o)
                0x0800bc00                __swrite
 .text.__sseek  0x0800bc44       0x24 c:/program files (x86)/gnu tools arm embedded/4.7 2013q2/bin/../lib/gcc/arm-none-eabi/4.7.4/../../../../arm-none-eabi/lib/armv7-m\libg.a(lib_a-stdio.o)
                0x0800bc44                __sseek
 .text.__sclose
                0x0800bc68        0x8 c:/program files (x86)/gnu tools arm embedded/4.7 2013q2/bin/../lib/gcc/arm-none-eabi/4.7.4/../../../../arm-none-eabi/lib/armv7-m\libg.a(lib_a-stdio.o)
                0x0800bc68                __sclose
 .text.__ssprint_r
                0x0800bc70      0x100 c:/program files (x86)/gnu tools arm embedded/4.7 2013q2/bin/../lib/gcc/arm-none-eabi/4.7.4/../../../../arm-none-eabi/lib/armv7-m\libg.a(lib_a-svfiprintf.o)
                0x0800bc70                __ssprint_r
 .text.__sprint_r
                0x0800bd70       0xc0 c:/program files (x86)/gnu tools arm embedded/4.7 2013q2/bin/../lib/gcc/arm-none-eabi/4.7.4/../../../../arm-none-eabi/lib/armv7-m\libg.a(lib_a-vfiprintf.o)
                0x0800bd70                __sprint_r
 .text._write_r
                0x0800be30       0x28 c:/program files (x86)/gnu tools arm embedded/4.7 2013q2/bin/../lib/gcc/arm-none-eabi/4.7.4/../../../../arm-none-eabi/lib/armv7-m\libg.a(lib_a-writer.o)
                0x0800be30                _write_r
 .text._calloc_r
                0x0800be58       0x60 c:/program files (x86)/gnu tools arm embedded/4.7 2013q2/bin/../lib/gcc/arm-none-eabi/4.7.4/../../../../arm-none-eabi/lib/armv7-m\libg.a(lib_a-callocr.o)
                0x0800be58                _calloc_r
 .text._close_r
                0x0800beb8       0x24 c:/program files (x86)/gnu tools arm embedded/4.7 2013q2/bin/../lib/gcc/arm-none-eabi/4.7.4/../../../../arm-none-eabi/lib/armv7-m\libg.a(lib_a-closer.o)
                0x0800beb8                _close_r
 .text._fclose_r
                0x0800bedc       0x94 c:/program files (x86)/gnu tools arm embedded/4.7 2013q2/bin/../lib/gcc/arm-none-eabi/4.7.4/../../../../arm-none-eabi/lib/armv7-m\libg.a(lib_a-fclose.o)
                0x0800bedc                _fclose_r
 .text.fclose   0x0800bf70       0x10 c:/program files (x86)/gnu tools arm embedded/4.7 2013q2/bin/../lib/gcc/arm-none-eabi/4.7.4/../../../../arm-none-eabi/lib/armv7-m\libg.a(lib_a-fclose.o)
                0x0800bf70                fclose
 .text._fputwc_r
                0x0800bf80      0x1b0 c:/program files (x86)/gnu tools arm embedded/4.7 2013q2/bin/../lib/gcc/arm-none-eabi/4.7.4/../../../../arm-none-eabi/lib/armv7-m\libg.a(lib_a-fputwc.o)
                0x0800bf80                _fputwc_r
 .text._fstat_r
                0x0800c130       0x28 c:/program files (x86)/gnu tools arm embedded/4.7 2013q2/bin/../lib/gcc/arm-none-eabi/4.7.4/../../../../arm-none-eabi/lib/armv7-m\libg.a(lib_a-fstatr.o)
                0x0800c130                _fstat_r
 .text._isatty_r
                0x0800c158       0x24 c:/program files (x86)/gnu tools arm embedded/4.7 2013q2/bin/../lib/gcc/arm-none-eabi/4.7.4/../../../../arm-none-eabi/lib/armv7-m\libg.a(lib_a-isattyr.o)
                0x0800c158                _isatty_r
 .text._lseek_r
                0x0800c17c       0x28 c:/program files (x86)/gnu tools arm embedded/4.7 2013q2/bin/../lib/gcc/arm-none-eabi/4.7.4/../../../../arm-none-eabi/lib/armv7-m\libg.a(lib_a-lseekr.o)
                0x0800c17c                _lseek_r
 .text._read_r  0x0800c1a4       0x28 c:/program files (x86)/gnu tools arm embedded/4.7 2013q2/bin/../lib/gcc/arm-none-eabi/4.7.4/../../../../arm-none-eabi/lib/armv7-m\libg.a(lib_a-readr.o)
                0x0800c1a4                _read_r
 .text.__swbuf_r
                0x0800c1cc       0xbc c:/program files (x86)/gnu tools arm embedded/4.7 2013q2/bin/../lib/gcc/arm-none-eabi/4.7.4/../../../../arm-none-eabi/lib/armv7-m\libg.a(lib_a-wbuf.o)
                0x0800c1cc                __swbuf_r
 .text._wcrtomb_r
                0x0800c288       0x50 c:/program files (x86)/gnu tools arm embedded/4.7 2013q2/bin/../lib/gcc/arm-none-eabi/4.7.4/../../../../arm-none-eabi/lib/armv7-m\libg.a(lib_a-wcrtomb.o)
                0x0800c288                _wcrtomb_r
 .text.__ascii_wctomb
                0x0800c2d8       0x1c c:/program files (x86)/gnu tools arm embedded/4.7 2013q2/bin/../lib/gcc/arm-none-eabi/4.7.4/../../../../arm-none-eabi/lib/armv7-m\libg.a(lib_a-wctomb_r.o)
                0x0800c2d8                __ascii_wctomb
 .text          0x0800c2f4      0x370 c:/program files (x86)/gnu tools arm embedded/4.7 2013q2/bin/../lib/gcc/arm-none-eabi/4.7.4/armv7-m\libgcc.a(_arm_addsubdf3.o)
                0x0800c2f4                __aeabi_drsub
                0x0800c2fc                __aeabi_dsub
                0x0800c2fc                __subdf3
                0x0800c300                __aeabi_dadd
                0x0800c300                __adddf3
                0x0800c578                __floatunsidf
                0x0800c578                __aeabi_ui2d
                0x0800c598                __floatsidf
                0x0800c598                __aeabi_i2d
                0x0800c5bc                __aeabi_f2d
                0x0800c5bc                __extendsfdf2
                0x0800c5f8                __floatundidf
                0x0800c5f8                __aeabi_ul2d
                0x0800c608                __floatdidf
                0x0800c608                __aeabi_l2d
 .text          0x0800c664      0x424 c:/program files (x86)/gnu tools arm embedded/4.7 2013q2/bin/../lib/gcc/arm-none-eabi/4.7.4/armv7-m\libgcc.a(_arm_muldivdf3.o)
                0x0800c664                __aeabi_dmul
                0x0800c664                __muldf3
                0x0800c8b8                __divdf3
                0x0800c8b8                __aeabi_ddiv
 .text          0x0800ca88      0x110 c:/program files (x86)/gnu tools arm embedded/4.7 2013q2/bin/../lib/gcc/arm-none-eabi/4.7.4/armv7-m\libgcc.a(_arm_cmpdf2.o)
                0x0800ca88                __gtdf2
                0x0800ca88                __gedf2
                0x0800ca90                __ltdf2
                0x0800ca90                __ledf2
                0x0800ca98                __nedf2
                0x0800ca98                __eqdf2
                0x0800ca98                __cmpdf2
                0x0800cb14                __aeabi_cdrcmple
                0x0800cb24                __aeabi_cdcmpeq
                0x0800cb24                __aeabi_cdcmple
                0x0800cb34                __aeabi_dcmpeq
                0x0800cb48                __aeabi_dcmplt
                0x0800cb5c                __aeabi_dcmple
                0x0800cb70                __aeabi_dcmpge
                0x0800cb84                __aeabi_dcmpgt
 .text          0x0800cb98       0x50 c:/program files (x86)/gnu tools arm embedded/4.7 2013q2/bin/../lib/gcc/arm-none-eabi/4.7.4/armv7-m\libgcc.a(_arm_fixdfsi.o)
                0x0800cb98                __aeabi_d2iz
                0x0800cb98                __fixdfsi
 .text          0x0800cbe8       0x2c c:/program files (x86)/gnu tools arm embedded/4.7 2013q2/bin/../lib/gcc/arm-none-eabi/4.7.4/armv7-m\libgcc.a(_aeabi_uldivmod.o)
                0x0800cbe8                __aeabi_uldivmod
 .text          0x0800cc14       0x60 c:/program files (x86)/gnu tools arm embedded/4.7 2013q2/bin/../lib/gcc/arm-none-eabi/4.7.4/armv7-m\libgcc.a(bpabi.o)
                0x0800cc14                __gnu_ldivmod_helper
                0x0800cc44                __gnu_uldivmod_helper
 .text          0x0800cc74        0x4 c:/program files (x86)/gnu tools arm embedded/4.7 2013q2/bin/../lib/gcc/arm-none-eabi/4.7.4/armv7-m\libgcc.a(_dvmd_tls.o)
                0x0800cc74                __aeabi_idiv0
                0x0800cc74                __aeabi_ldiv0
 .text          0x0800cc78      0x2bc c:/program files (x86)/gnu tools arm embedded/4.7 2013q2/bin/../lib/gcc/arm-none-eabi/4.7.4/armv7-m\libgcc.a(_divdi3.o)
                0x0800cc78                __divdi3
 .text          0x0800cf34      0x28c c:/program files (x86)/gnu tools arm embedded/4.7 2013q2/bin/../lib/gcc/arm-none-eabi/4.7.4/armv7-m\libgcc.a(_udivdi3.o)
                0x0800cf34                __udivdi3
 *(.glue_7t)
 .glue_7t       0x00000000        0x0 linker stubs
 *(.glue_7)
 .glue_7        0x00000000        0x0 linker stubs
 *(.rodata .rodata* .gnu.linkonce.r.*)
 .rodata        0x0800d1c0       0x5c ..\obj\stm32_eval.o
                0x0800d1c0                GPIO_PIN
                0x0800d1c8                GPIO_CLK
                0x0800d1d8                BUTTON_PIN
                0x0800d1e0                BUTTON_CLK
                0x0800d1ec                BUTTON_EXTI_LINE
                0x0800d1f4                BUTTON_PORT_SOURCE
                0x0800d1fc                BUTTON_PIN_SOURCE
                0x0800d204                BUTTON_IRQn
                0x0800d20c                COM_USART_CLK
                0x0800d210                COM_POR_CLK
                0x0800d214                COM_TX_PIN
                0x0800d218                COM_RX_PIN
 .rodata        0x0800d21c       0x60 ..\obj\main.o
 .rodata        0x0800d27c     0x16b8 ..\obj\on_off_button.o
                0x0800d27c                on
                0x0800ddf4                off
 .rodata        0x0800e934        0x8 ..\obj\tasks.o
 .rodata        0x0800e93c       0x50 ..\obj\LCD.o
 .rodata        0x0800e98c     0x2d70 ..\obj\button_on.o
                0x0800e98c                one_on
                0x0800f8c4                two_on
                0x080107fc                three_on
 .rodata        0x080116fc     0x2d00 ..\obj\button_off.o
                0x080116fc                one_off
                0x080125fc                two_off
                0x080134fc                three_off
 .rodata        0x080143fc       0x18 ..\obj\RTC.o
 .rodata.str1.4
                0x08014414        0x2 c:/program files (x86)/gnu tools arm embedded/4.7 2013q2/bin/../lib/gcc/arm-none-eabi/4.7.4/../../../../arm-none-eabi/lib/armv7-m\libg.a(lib_a-puts.o)
                                  0x4 (size before relaxing)
 *fill*         0x08014416        0x2 00
 .rodata.str1.4
                0x08014418       0x42 c:/program files (x86)/gnu tools arm embedded/4.7 2013q2/bin/../lib/gcc/arm-none-eabi/4.7.4/../../../../arm-none-eabi/lib/armv7-m\libg.a(lib_a-svfprintf.o)
                                 0x44 (size before relaxing)
 *fill*         0x0801445a        0x2 00
 .rodata.zeroes.6721
                0x0801445c       0x10 c:/program files (x86)/gnu tools arm embedded/4.7 2013q2/bin/../lib/gcc/arm-none-eabi/4.7.4/../../../../arm-none-eabi/lib/armv7-m\libg.a(lib_a-svfprintf.o)
 .rodata.blanks.6720
                0x0801446c       0x10 c:/program files (x86)/gnu tools arm embedded/4.7 2013q2/bin/../lib/gcc/arm-none-eabi/4.7.4/../../../../arm-none-eabi/lib/armv7-m\libg.a(lib_a-svfprintf.o)
 .rodata.blanks.6735
                0x0801447c       0x10 c:/program files (x86)/gnu tools arm embedded/4.7 2013q2/bin/../lib/gcc/arm-none-eabi/4.7.4/../../../../arm-none-eabi/lib/armv7-m\libg.a(lib_a-vfprintf.o)
 .rodata.str1.4
                0x00000000       0x44 c:/program files (x86)/gnu tools arm embedded/4.7 2013q2/bin/../lib/gcc/arm-none-eabi/4.7.4/../../../../arm-none-eabi/lib/armv7-m\libg.a(lib_a-vfprintf.o)
 .rodata.zeroes.6736
                0x0801448c       0x10 c:/program files (x86)/gnu tools arm embedded/4.7 2013q2/bin/../lib/gcc/arm-none-eabi/4.7.4/../../../../arm-none-eabi/lib/armv7-m\libg.a(lib_a-vfprintf.o)
 .rodata.str1.4
                0x0801449c       0x10 c:/program files (x86)/gnu tools arm embedded/4.7 2013q2/bin/../lib/gcc/arm-none-eabi/4.7.4/../../../../arm-none-eabi/lib/armv7-m\libg.a(lib_a-dtoa.o)
                                 0x14 (size before relaxing)
 .rodata.str1.4
                0x080144ac        0x2 c:/program files (x86)/gnu tools arm embedded/4.7 2013q2/bin/../lib/gcc/arm-none-eabi/4.7.4/../../../../arm-none-eabi/lib/armv7-m\libg.a(lib_a-impure.o)
                                  0x4 (size before relaxing)
 *fill*         0x080144ae        0x2 00
 .rodata.str1.4
                0x080144b0        0xc c:/program files (x86)/gnu tools arm embedded/4.7 2013q2/bin/../lib/gcc/arm-none-eabi/4.7.4/../../../../arm-none-eabi/lib/armv7-m\libg.a(lib_a-locale.o)
                                 0x14 (size before relaxing)
 .rodata.p05.5242
                0x080144bc        0xc c:/program files (x86)/gnu tools arm embedded/4.7 2013q2/bin/../lib/gcc/arm-none-eabi/4.7.4/../../../../arm-none-eabi/lib/armv7-m\libg.a(lib_a-mprec.o)
 .rodata.__mprec_tens
                0x080144c8       0xc8 c:/program files (x86)/gnu tools arm embedded/4.7 2013q2/bin/../lib/gcc/arm-none-eabi/4.7.4/../../../../arm-none-eabi/lib/armv7-m\libg.a(lib_a-mprec.o)
                0x080144c8                __mprec_tens
 .rodata.__mprec_bigtens
                0x08014590       0x28 c:/program files (x86)/gnu tools arm embedded/4.7 2013q2/bin/../lib/gcc/arm-none-eabi/4.7.4/../../../../arm-none-eabi/lib/armv7-m\libg.a(lib_a-mprec.o)
                0x08014590                __mprec_bigtens

.vfp11_veneer   0x080145b8        0x0
 .vfp11_veneer  0x00000000        0x0 linker stubs

.v4_bx          0x080145b8        0x0
 .v4_bx         0x00000000        0x0 linker stubs

.iplt           0x080145b8        0x0
 .iplt          0x00000000        0x0 ..\obj\stm32f10x_rtc.o

.ARM.extab
 *(.ARM.extab* .gnu.linkonce.armextab.*)
                0x080145b8                __exidx_start = .

.ARM.exidx      0x080145b8        0x8
 *(.ARM.exidx* .gnu.linkonce.armexidx.*)
 .ARM.exidx     0x080145b8        0x8 c:/program files (x86)/gnu tools arm embedded/4.7 2013q2/bin/../lib/gcc/arm-none-eabi/4.7.4/armv7-m\libgcc.a(_divdi3.o)
 .ARM.exidx     0x080145c0        0x0 c:/program files (x86)/gnu tools arm embedded/4.7 2013q2/bin/../lib/gcc/arm-none-eabi/4.7.4/armv7-m\libgcc.a(_udivdi3.o)
                                  0x8 (size before relaxing)
                0x080145c0                __exidx_end = .

.rel.dyn        0x080145c0        0x0
 .rel.iplt      0x00000000        0x0 ..\obj\stm32f10x_rtc.o
                0x080145c0                . = ALIGN (0x4)
                0x080145c0                _etext = .
                0x080145c0                _sidata = .

.data           0x20000000     0x1dfc load address 0x080145c0
                0x20000000                _sdata = .
 *(.data .data.*)
 .data          0x20000000       0x24 ..\obj\stm32_eval.o
                0x20000000                GPIO_PORT
                0x20000010                BUTTON_PORT
                0x2000001c                COM_USART
                0x20000020                COM_PORT
 .data          0x20000024     0x1504 ..\obj\GLCD_SPI_STM32.o
                0x20000024                Font_24x16
 .data          0x20001528        0x4 ..\obj\main.o
                0x20001528                tc77_temperatura
 .data          0x2000152c       0x14 ..\obj\stm32f10x_rcc.o
 .data          0x20001540        0x4 ..\obj\tasks.o
 .data          0x20001544        0x4 ..\obj\port.o
 .data          0x20001548       0x14 ..\obj\RTC.o
                0x20001548                stanRTCTekst
 *fill*         0x2000155c        0x4 00
 .data.impure_data
                0x20001560      0x428 c:/program files (x86)/gnu tools arm embedded/4.7 2013q2/bin/../lib/gcc/arm-none-eabi/4.7.4/../../../../arm-none-eabi/lib/armv7-m\libg.a(lib_a-impure.o)
 .data._impure_ptr
                0x20001988        0x4 c:/program files (x86)/gnu tools arm embedded/4.7 2013q2/bin/../lib/gcc/arm-none-eabi/4.7.4/../../../../arm-none-eabi/lib/armv7-m\libg.a(lib_a-impure.o)
                0x20001988                _impure_ptr
 .data.lconv    0x2000198c       0x38 c:/program files (x86)/gnu tools arm embedded/4.7 2013q2/bin/../lib/gcc/arm-none-eabi/4.7.4/../../../../arm-none-eabi/lib/armv7-m\libg.a(lib_a-locale.o)
 .data.lc_ctype_charset
                0x200019c4       0x20 c:/program files (x86)/gnu tools arm embedded/4.7 2013q2/bin/../lib/gcc/arm-none-eabi/4.7.4/../../../../arm-none-eabi/lib/armv7-m\libg.a(lib_a-locale.o)
 .data.__mb_cur_max
                0x200019e4        0x4 c:/program files (x86)/gnu tools arm embedded/4.7 2013q2/bin/../lib/gcc/arm-none-eabi/4.7.4/../../../../arm-none-eabi/lib/armv7-m\libg.a(lib_a-locale.o)
                0x200019e4                __mb_cur_max
 .data.__malloc_av_
                0x200019e8      0x408 c:/program files (x86)/gnu tools arm embedded/4.7 2013q2/bin/../lib/gcc/arm-none-eabi/4.7.4/../../../../arm-none-eabi/lib/armv7-m\libg.a(lib_a-mallocr.o)
                0x200019e8                __malloc_av_
 .data.__malloc_trim_threshold
                0x20001df0        0x4 c:/program files (x86)/gnu tools arm embedded/4.7 2013q2/bin/../lib/gcc/arm-none-eabi/4.7.4/../../../../arm-none-eabi/lib/armv7-m\libg.a(lib_a-mallocr.o)
                0x20001df0                __malloc_trim_threshold
 .data.__malloc_sbrk_base
                0x20001df4        0x4 c:/program files (x86)/gnu tools arm embedded/4.7 2013q2/bin/../lib/gcc/arm-none-eabi/4.7.4/../../../../arm-none-eabi/lib/armv7-m\libg.a(lib_a-mallocr.o)
                0x20001df4                __malloc_sbrk_base
 .data.__wctomb
                0x20001df8        0x4 c:/program files (x86)/gnu tools arm embedded/4.7 2013q2/bin/../lib/gcc/arm-none-eabi/4.7.4/../../../../arm-none-eabi/lib/armv7-m\libg.a(lib_a-wctomb_r.o)
                0x20001df8                __wctomb
                0x20001dfc                . = ALIGN (0x4)
                0x20001dfc                _edata = .

.igot.plt       0x20001dfc        0x0 load address 0x080163bc
 .igot.plt      0x00000000        0x0 ..\obj\stm32f10x_rtc.o

.bss            0x20001dfc     0x45c0 load address 0x080163bc
                0x20001dfc                _sbss = .
 *(.bss .bss.*)
 .bss           0x20001dfc        0x4 ..\obj\GLCD_SPI_STM32.o
 .bss           0x20001e00       0x18 ..\obj\main.o
                0x20001e00                tmp
 .bss           0x20001e18       0xfc ..\obj\tasks.o
                0x20001e18                pxCurrentTCB
 .bss           0x20001f14       0x18 ..\obj\LCD.o
                0x20001f14                tch_x
                0x20001f18                tch_y
                0x20001f1c                tch_z
                0x20001f20                tch_int
                0x20001f24                tch_on
                0x20001f28                tch_on_
 .bss           0x20001f2c        0x4 ..\obj\syscalls.o
 .bss           0x20001f30     0x4408 ..\obj\heap_1.o
 .bss.__malloc_max_total_mem
                0x20006338        0x4 c:/program files (x86)/gnu tools arm embedded/4.7 2013q2/bin/../lib/gcc/arm-none-eabi/4.7.4/../../../../arm-none-eabi/lib/armv7-m\libg.a(lib_a-mallocr.o)
                0x20006338                __malloc_max_total_mem
 .bss.__malloc_max_sbrked_mem
                0x2000633c        0x4 c:/program files (x86)/gnu tools arm embedded/4.7 2013q2/bin/../lib/gcc/arm-none-eabi/4.7.4/../../../../arm-none-eabi/lib/armv7-m\libg.a(lib_a-mallocr.o)
                0x2000633c                __malloc_max_sbrked_mem
 .bss.__malloc_top_pad
                0x20006340        0x4 c:/program files (x86)/gnu tools arm embedded/4.7 2013q2/bin/../lib/gcc/arm-none-eabi/4.7.4/../../../../arm-none-eabi/lib/armv7-m\libg.a(lib_a-mallocr.o)
                0x20006340                __malloc_top_pad
 .bss.__malloc_current_mallinfo
                0x20006344       0x28 c:/program files (x86)/gnu tools arm embedded/4.7 2013q2/bin/../lib/gcc/arm-none-eabi/4.7.4/../../../../arm-none-eabi/lib/armv7-m\libg.a(lib_a-mallocr.o)
                0x20006344                __malloc_current_mallinfo
 *(COMMON)
 COMMON         0x2000636c       0x41 ..\obj\main.o
                0x2000636c                point
                0x20006370                xHandleLCD
                0x20006374                wartoscADC1VTekst
                0x20006390                xHandlesensor
                0x20006394                temperatura
 *fill*         0x200063ad        0x3 00
 COMMON         0x200063b0        0x7 ..\obj\stm32f10x_it.o
                0x200063b0                stanRTC
                0x200063b4                ClockLEDOn
                0x200063b5                ClockANI
                0x200063b6                ClockLEDOff
 *fill*         0x200063b7        0x1 00
 COMMON         0x200063b8        0x4 c:/program files (x86)/gnu tools arm embedded/4.7 2013q2/bin/../lib/gcc/arm-none-eabi/4.7.4/../../../../arm-none-eabi/lib/armv7-m\libg.a(lib_a-reent.o)
                0x200063b8                errno
                0x200063bc                . = ALIGN (0x4)
                0x200063bc                _ebss = .

.co_stack       0x200063bc      0x404 load address 0x0801a97c
                0x200063c0                . = ALIGN (0x8)
 *fill*         0x200063bc        0x4 00
 *(.co_stack .co_stack.*)
 .co_stack      0x200063c0      0x400 ..\obj\startup_stm32f10x_cl.o
                0x200063c0                pulStack
                0x200067c0                . = ALIGN (0x4)
                0x200067c0                _end = .
LOAD ..\obj\stm32f10x_rtc.o
LOAD ..\obj\stm32f10x_tim.o
LOAD ..\obj\init_board.o
LOAD ..\obj\core_cm3.o
LOAD ..\obj\stm32f10x_dbgmcu.o
LOAD ..\obj\system_stm32f10x.o
LOAD ..\obj\stm32_eval.o
LOAD ..\obj\GLCD_SPI_STM32.o
LOAD ..\obj\TS_I2C.o
LOAD ..\obj\funkcje.o
LOAD ..\obj\stm32f10x_pwr.o
LOAD ..\obj\stm32f10x_gpio.o
LOAD ..\obj\stm32f10x_dac.o
LOAD ..\obj\main.o
LOAD ..\obj\timers.o
LOAD ..\obj\stm32f10x_crc.o
LOAD ..\obj\on_off_button.o
LOAD ..\obj\stm32f10x_rcc.o
LOAD ..\obj\startup_stm32f10x_cl.o
LOAD ..\obj\stm32f10x_exti.o
LOAD ..\obj\tasks.o
LOAD ..\obj\stm32f10x_adc.o
LOAD ..\obj\LCD.o
LOAD ..\obj\stm32f10x_usart.o
LOAD ..\obj\button_on.o
LOAD ..\obj\list.o
LOAD ..\obj\syscalls.o
LOAD ..\obj\stm32f10x_flash.o
LOAD ..\obj\stm32f10x_it.o
LOAD ..\obj\touch_panel.o
LOAD ..\obj\port.o
LOAD ..\obj\queue.o
LOAD ..\obj\stm32f10x_dma.o
LOAD ..\obj\croutine.o
LOAD ..\obj\itoa.o
LOAD ..\obj\misc.o
LOAD ..\obj\button_off.o
LOAD ..\obj\stm3210c_eval_lcd.o
LOAD ..\obj\stm32f10x_wwdg.o
LOAD ..\obj\stm32f10x_spi.o
LOAD ..\obj\stm32f10x_i2c.o
LOAD ..\obj\heap_1.o
LOAD ..\obj\RTC.o
LOAD ..\obj\I2C_STM32.o
LOAD ..\obj\off.o
LOAD ..\obj\stm3210c_eval_ioe.o
LOAD ..\obj\stm32f10x_bkp.o
LOAD ..\obj\stm32f10x_iwdg.o
START GROUP
LOAD c:/program files (x86)/gnu tools arm embedded/4.7 2013q2/bin/../lib/gcc/arm-none-eabi/4.7.4/armv7-m\libgcc.a
LOAD c:/program files (x86)/gnu tools arm embedded/4.7 2013q2/bin/../lib/gcc/arm-none-eabi/4.7.4/../../../../arm-none-eabi/lib/armv7-m\libg.a
LOAD c:/program files (x86)/gnu tools arm embedded/4.7 2013q2/bin/../lib/gcc/arm-none-eabi/4.7.4/../../../../arm-none-eabi/lib/armv7-m\libc.a
END GROUP
OUTPUT(OLA.elf elf32-littlearm)

.debug_info     0x00000000     0x96bc
 .debug_info    0x00000000      0x471 ..\obj\stm32f10x_rtc.o
 .debug_info    0x00000471      0x9b0 ..\obj\init_board.o
 .debug_info    0x00000e21      0x533 ..\obj\system_stm32f10x.o
 .debug_info    0x00001354      0xa25 ..\obj\stm32_eval.o
 .debug_info    0x00001d79      0x8ee ..\obj\GLCD_SPI_STM32.o
 .debug_info    0x00002667       0xd4 ..\obj\TS_I2C.o
 .debug_info    0x0000273b      0x45f ..\obj\stm32f10x_pwr.o
 .debug_info    0x00002b9a      0x72e ..\obj\stm32f10x_gpio.o
 .debug_info    0x000032c8      0x5d7 ..\obj\main.o
 .debug_info    0x0000389f       0x77 ..\obj\on_off_button.o
 .debug_info    0x00003916      0xb51 ..\obj\stm32f10x_rcc.o
 .debug_info    0x00004467       0xff ..\obj\startup_stm32f10x_cl.o
 .debug_info    0x00004566      0x362 ..\obj\stm32f10x_exti.o
 .debug_info    0x000048c8      0xd16 ..\obj\tasks.o
 .debug_info    0x000055de      0xc2b ..\obj\stm32f10x_adc.o
 .debug_info    0x00006209      0x3ed ..\obj\LCD.o
 .debug_info    0x000065f6      0xa82 ..\obj\stm32f10x_usart.o
 .debug_info    0x00007078       0x90 ..\obj\button_on.o
 .debug_info    0x00007108      0x2a6 ..\obj\list.o
 .debug_info    0x000073ae      0x58f ..\obj\syscalls.o
 .debug_info    0x0000793d      0x264 ..\obj\stm32f10x_it.o
 .debug_info    0x00007ba1      0x18a ..\obj\touch_panel.o
 .debug_info    0x00007d2b      0x21d ..\obj\port.o
 .debug_info    0x00007f48      0x544 ..\obj\misc.o
 .debug_info    0x0000848c       0x7f ..\obj\button_off.o
 .debug_info    0x0000850b      0xa4f ..\obj\stm32f10x_spi.o
 .debug_info    0x00008f5a      0x164 ..\obj\heap_1.o
 .debug_info    0x000090be      0x198 ..\obj\RTC.o
 .debug_info    0x00009256      0x466 ..\obj\I2C_STM32.o

.debug_abbrev   0x00000000     0x23df
 .debug_abbrev  0x00000000      0x18f ..\obj\stm32f10x_rtc.o
 .debug_abbrev  0x0000018f      0x13d ..\obj\init_board.o
 .debug_abbrev  0x000002cc      0x179 ..\obj\system_stm32f10x.o
 .debug_abbrev  0x00000445      0x1bd ..\obj\stm32_eval.o
 .debug_abbrev  0x00000602      0x22a ..\obj\GLCD_SPI_STM32.o
 .debug_abbrev  0x0000082c       0x89 ..\obj\TS_I2C.o
 .debug_abbrev  0x000008b5      0x1ad ..\obj\stm32f10x_pwr.o
 .debug_abbrev  0x00000a62      0x1ca ..\obj\stm32f10x_gpio.o
 .debug_abbrev  0x00000c2c      0x17e ..\obj\main.o
 .debug_abbrev  0x00000daa       0x43 ..\obj\on_off_button.o
 .debug_abbrev  0x00000ded      0x1bc ..\obj\stm32f10x_rcc.o
 .debug_abbrev  0x00000fa9       0xa9 ..\obj\startup_stm32f10x_cl.o
 .debug_abbrev  0x00001052      0x153 ..\obj\stm32f10x_exti.o
 .debug_abbrev  0x000011a5      0x1d5 ..\obj\tasks.o
 .debug_abbrev  0x0000137a      0x19a ..\obj\stm32f10x_adc.o
 .debug_abbrev  0x00001514      0x130 ..\obj\LCD.o
 .debug_abbrev  0x00001644      0x164 ..\obj\stm32f10x_usart.o
 .debug_abbrev  0x000017a8       0x54 ..\obj\button_on.o
 .debug_abbrev  0x000017fc       0xbe ..\obj\list.o
 .debug_abbrev  0x000018ba      0x18b ..\obj\syscalls.o
 .debug_abbrev  0x00001a45       0xd8 ..\obj\stm32f10x_it.o
 .debug_abbrev  0x00001b1d       0xf2 ..\obj\touch_panel.o
 .debug_abbrev  0x00001c0f      0x17a ..\obj\port.o
 .debug_abbrev  0x00001d89      0x138 ..\obj\misc.o
 .debug_abbrev  0x00001ec1       0x54 ..\obj\button_off.o
 .debug_abbrev  0x00001f15      0x180 ..\obj\stm32f10x_spi.o
 .debug_abbrev  0x00002095       0xee ..\obj\heap_1.o
 .debug_abbrev  0x00002183      0x114 ..\obj\RTC.o
 .debug_abbrev  0x00002297      0x148 ..\obj\I2C_STM32.o

.debug_loc      0x00000000     0x4340
 .debug_loc     0x00000000      0x2e0 ..\obj\stm32f10x_rtc.o
 .debug_loc     0x000002e0      0x170 ..\obj\init_board.o
 .debug_loc     0x00000450       0xc8 ..\obj\system_stm32f10x.o
 .debug_loc     0x00000518      0x188 ..\obj\stm32_eval.o
 .debug_loc     0x000006a0      0x4d8 ..\obj\GLCD_SPI_STM32.o
 .debug_loc     0x00000b78       0x9c ..\obj\TS_I2C.o
 .debug_loc     0x00000c14      0x238 ..\obj\stm32f10x_pwr.o
 .debug_loc     0x00000e4c      0x3e4 ..\obj\stm32f10x_gpio.o
 .debug_loc     0x00001230      0x118 ..\obj\main.o
 .debug_loc     0x00001348      0x8d4 ..\obj\stm32f10x_rcc.o
 .debug_loc     0x00001c1c       0x64 ..\obj\startup_stm32f10x_cl.o
 .debug_loc     0x00001c80      0x1b4 ..\obj\stm32f10x_exti.o
 .debug_loc     0x00001e34      0x698 ..\obj\tasks.o
 .debug_loc     0x000024cc      0x7d4 ..\obj\stm32f10x_adc.o
 .debug_loc     0x00002ca0       0x38 ..\obj\LCD.o
 .debug_loc     0x00002cd8      0x658 ..\obj\stm32f10x_usart.o
 .debug_loc     0x00003330      0x118 ..\obj\list.o
 .debug_loc     0x00003448      0x1ec ..\obj\syscalls.o
 .debug_loc     0x00003634      0x210 ..\obj\stm32f10x_it.o
 .debug_loc     0x00003844       0xa8 ..\obj\touch_panel.o
 .debug_loc     0x000038ec      0x198 ..\obj\port.o
 .debug_loc     0x00003a84      0x118 ..\obj\misc.o
 .debug_loc     0x00003b9c      0x508 ..\obj\stm32f10x_spi.o
 .debug_loc     0x000040a4       0xc8 ..\obj\heap_1.o
 .debug_loc     0x0000416c       0x64 ..\obj\RTC.o
 .debug_loc     0x000041d0      0x170 ..\obj\I2C_STM32.o

.debug_aranges  0x00000000      0xcd8
 .debug_aranges
                0x00000000       0x88 ..\obj\stm32f10x_rtc.o
 .debug_aranges
                0x00000088       0x50 ..\obj\init_board.o
 .debug_aranges
                0x000000d8       0x38 ..\obj\system_stm32f10x.o
 .debug_aranges
                0x00000110       0x50 ..\obj\stm32_eval.o
 .debug_aranges
                0x00000160       0xd0 ..\obj\GLCD_SPI_STM32.o
 .debug_aranges
                0x00000230       0x30 ..\obj\TS_I2C.o
 .debug_aranges
                0x00000260       0x70 ..\obj\stm32f10x_pwr.o
 .debug_aranges
                0x000002d0       0xa8 ..\obj\stm32f10x_gpio.o
 .debug_aranges
                0x00000378       0x40 ..\obj\main.o
 .debug_aranges
                0x000003b8       0x18 ..\obj\on_off_button.o
 .debug_aranges
                0x000003d0      0x160 ..\obj\stm32f10x_rcc.o
 .debug_aranges
                0x00000530       0x28 ..\obj\startup_stm32f10x_cl.o
 .debug_aranges
                0x00000558       0x58 ..\obj\stm32f10x_exti.o
 .debug_aranges
                0x000005b0      0x110 ..\obj\tasks.o
 .debug_aranges
                0x000006c0      0x138 ..\obj\stm32f10x_adc.o
 .debug_aranges
                0x000007f8       0x20 ..\obj\LCD.o
 .debug_aranges
                0x00000818      0x100 ..\obj\stm32f10x_usart.o
 .debug_aranges
                0x00000918       0x18 ..\obj\button_on.o
 .debug_aranges
                0x00000930       0x40 ..\obj\list.o
 .debug_aranges
                0x00000970       0x60 ..\obj\syscalls.o
 .debug_aranges
                0x000009d0       0x78 ..\obj\stm32f10x_it.o
 .debug_aranges
                0x00000a48       0x30 ..\obj\touch_panel.o
 .debug_aranges
                0x00000a78       0x88 ..\obj\port.o
 .debug_aranges
                0x00000b00       0x40 ..\obj\misc.o
 .debug_aranges
                0x00000b40       0x18 ..\obj\button_off.o
 .debug_aranges
                0x00000b58       0xd0 ..\obj\stm32f10x_spi.o
 .debug_aranges
                0x00000c28       0x38 ..\obj\heap_1.o
 .debug_aranges
                0x00000c60       0x28 ..\obj\RTC.o
 .debug_aranges
                0x00000c88       0x50 ..\obj\I2C_STM32.o

.debug_ranges   0x00000000      0xaf0
 .debug_ranges  0x00000000       0x78 ..\obj\stm32f10x_rtc.o
 .debug_ranges  0x00000078       0x40 ..\obj\init_board.o
 .debug_ranges  0x000000b8       0x28 ..\obj\system_stm32f10x.o
 .debug_ranges  0x000000e0       0x40 ..\obj\stm32_eval.o
 .debug_ranges  0x00000120       0xc0 ..\obj\GLCD_SPI_STM32.o
 .debug_ranges  0x000001e0       0x20 ..\obj\TS_I2C.o
 .debug_ranges  0x00000200       0x60 ..\obj\stm32f10x_pwr.o
 .debug_ranges  0x00000260       0x98 ..\obj\stm32f10x_gpio.o
 .debug_ranges  0x000002f8       0x30 ..\obj\main.o
 .debug_ranges  0x00000328      0x150 ..\obj\stm32f10x_rcc.o
 .debug_ranges  0x00000478       0x18 ..\obj\startup_stm32f10x_cl.o
 .debug_ranges  0x00000490       0x48 ..\obj\stm32f10x_exti.o
 .debug_ranges  0x000004d8      0x100 ..\obj\tasks.o
 .debug_ranges  0x000005d8      0x128 ..\obj\stm32f10x_adc.o
 .debug_ranges  0x00000700       0x10 ..\obj\LCD.o
 .debug_ranges  0x00000710       0xf0 ..\obj\stm32f10x_usart.o
 .debug_ranges  0x00000800       0x30 ..\obj\list.o
 .debug_ranges  0x00000830       0x50 ..\obj\syscalls.o
 .debug_ranges  0x00000880       0x68 ..\obj\stm32f10x_it.o
 .debug_ranges  0x000008e8       0x20 ..\obj\touch_panel.o
 .debug_ranges  0x00000908       0x78 ..\obj\port.o
 .debug_ranges  0x00000980       0x30 ..\obj\misc.o
 .debug_ranges  0x000009b0       0xc0 ..\obj\stm32f10x_spi.o
 .debug_ranges  0x00000a70       0x28 ..\obj\heap_1.o
 .debug_ranges  0x00000a98       0x18 ..\obj\RTC.o
 .debug_ranges  0x00000ab0       0x40 ..\obj\I2C_STM32.o

.debug_line     0x00000000     0x472d
 .debug_line    0x00000000      0x28b ..\obj\stm32f10x_rtc.o
 .debug_line    0x0000028b      0x2e6 ..\obj\init_board.o
 .debug_line    0x00000571      0x1ea ..\obj\system_stm32f10x.o
 .debug_line    0x0000075b      0x27c ..\obj\stm32_eval.o
 .debug_line    0x000009d7      0x442 ..\obj\GLCD_SPI_STM32.o
 .debug_line    0x00000e19       0xa3 ..\obj\TS_I2C.o
 .debug_line    0x00000ebc      0x248 ..\obj\stm32f10x_pwr.o
 .debug_line    0x00001104      0x364 ..\obj\stm32f10x_gpio.o
 .debug_line    0x00001468      0x2ee ..\obj\main.o
 .debug_line    0x00001756       0x5a ..\obj\on_off_button.o
 .debug_line    0x000017b0      0x52f ..\obj\stm32f10x_rcc.o
 .debug_line    0x00001cdf       0xa0 ..\obj\startup_stm32f10x_cl.o
 .debug_line    0x00001d7f      0x259 ..\obj\stm32f10x_exti.o
 .debug_line    0x00001fd8      0x6bf ..\obj\tasks.o
 .debug_line    0x00002697      0x4d8 ..\obj\stm32f10x_adc.o
 .debug_line    0x00002b6f      0x243 ..\obj\LCD.o
 .debug_line    0x00002db2      0x450 ..\obj\stm32f10x_usart.o
 .debug_line    0x00003202       0x56 ..\obj\button_on.o
 .debug_line    0x00003258      0x17a ..\obj\list.o
 .debug_line    0x000033d2      0x2aa ..\obj\syscalls.o
 .debug_line    0x0000367c      0x24c ..\obj\stm32f10x_it.o
 .debug_line    0x000038c8      0x154 ..\obj\touch_panel.o
 .debug_line    0x00003a1c      0x1e6 ..\obj\port.o
 .debug_line    0x00003c02      0x1f9 ..\obj\misc.o
 .debug_line    0x00003dfb       0x57 ..\obj\button_off.o
 .debug_line    0x00003e52      0x3e6 ..\obj\stm32f10x_spi.o
 .debug_line    0x00004238      0x13a ..\obj\heap_1.o
 .debug_line    0x00004372      0x1a0 ..\obj\RTC.o
 .debug_line    0x00004512      0x21b ..\obj\I2C_STM32.o

.debug_str      0x00000000     0x393a
 .debug_str     0x00000000      0x2f5 ..\obj\stm32f10x_rtc.o
                                0x343 (size before relaxing)
 .debug_str     0x000002f5      0x937 ..\obj\init_board.o
                                0xab2 (size before relaxing)
 .debug_str     0x00000c2c      0x214 ..\obj\system_stm32f10x.o
                                0x32f (size before relaxing)
 .debug_str     0x00000e40      0x26a ..\obj\stm32_eval.o
                                0xa92 (size before relaxing)
 .debug_str     0x000010aa      0x1a0 ..\obj\GLCD_SPI_STM32.o
                                0x38d (size before relaxing)
 .debug_str     0x0000124a       0x4a ..\obj\TS_I2C.o
                                 0xae (size before relaxing)
 .debug_str     0x00001294      0x125 ..\obj\stm32f10x_pwr.o
                                0x2b3 (size before relaxing)
 .debug_str     0x000013b9      0x23f ..\obj\stm32f10x_gpio.o
                                0x4ba (size before relaxing)
 .debug_str     0x000015f8      0x12e ..\obj\main.o
                                0x3b4 (size before relaxing)
 .debug_str     0x00001726       0x3a ..\obj\on_off_button.o
                                 0x9a (size before relaxing)
 .debug_str     0x00001760      0x4d3 ..\obj\stm32f10x_rcc.o
                                0x703 (size before relaxing)
 .debug_str     0x00001c33       0xae ..\obj\startup_stm32f10x_cl.o
                                0x112 (size before relaxing)
 .debug_str     0x00001ce1      0x103 ..\obj\stm32f10x_exti.o
                                0x2ff (size before relaxing)
 .debug_str     0x00001de4      0x739 ..\obj\tasks.o
                                0x886 (size before relaxing)
 .debug_str     0x0000251d      0x45d ..\obj\stm32f10x_adc.o
                                0x69c (size before relaxing)
 .debug_str     0x0000297a       0xc9 ..\obj\LCD.o
                                0x2b2 (size before relaxing)
 .debug_str     0x00002a43      0x38f ..\obj\stm32f10x_usart.o
                                0x631 (size before relaxing)
 .debug_str     0x00002dd2       0x36 ..\obj\button_on.o
                                 0xad (size before relaxing)
 .debug_str     0x00002e08       0xce ..\obj\list.o
                                0x247 (size before relaxing)
 .debug_str     0x00002ed6      0x159 ..\obj\syscalls.o
                                0x312 (size before relaxing)
 .debug_str     0x0000302f      0x125 ..\obj\stm32f10x_it.o
                                0x277 (size before relaxing)
 .debug_str     0x00003154       0x6c ..\obj\touch_panel.o
                                0x171 (size before relaxing)
 .debug_str     0x000031c0      0x189 ..\obj\port.o
                                0x255 (size before relaxing)
 .debug_str     0x00003349      0x150 ..\obj\misc.o
                                0x364 (size before relaxing)
 .debug_str     0x00003499       0x37 ..\obj\button_off.o
                                 0xb1 (size before relaxing)
 .debug_str     0x000034d0      0x2a7 ..\obj\stm32f10x_spi.o
                                0x5eb (size before relaxing)
 .debug_str     0x00003777       0xc8 ..\obj\heap_1.o
                                0x1aa (size before relaxing)
 .debug_str     0x0000383f       0x67 ..\obj\RTC.o
                                0x1c4 (size before relaxing)
 .debug_str     0x000038a6       0x94 ..\obj\I2C_STM32.o
                                0x264 (size before relaxing)

.comment        0x00000000       0x70
 .comment       0x00000000       0x70 ..\obj\stm32f10x_rtc.o
                                 0x71 (size before relaxing)
 .comment       0x00000000       0x71 ..\obj\init_board.o
 .comment       0x00000000       0x71 ..\obj\system_stm32f10x.o
 .comment       0x00000000       0x71 ..\obj\stm32_eval.o
 .comment       0x00000000       0x71 ..\obj\GLCD_SPI_STM32.o
 .comment       0x00000000       0x71 ..\obj\TS_I2C.o
 .comment       0x00000000       0x71 ..\obj\stm32f10x_pwr.o
 .comment       0x00000000       0x71 ..\obj\stm32f10x_gpio.o
 .comment       0x00000000       0x71 ..\obj\main.o
 .comment       0x00000000       0x71 ..\obj\on_off_button.o
 .comment       0x00000000       0x71 ..\obj\stm32f10x_rcc.o
 .comment       0x00000000       0x71 ..\obj\startup_stm32f10x_cl.o
 .comment       0x00000000       0x71 ..\obj\stm32f10x_exti.o
 .comment       0x00000000       0x71 ..\obj\tasks.o
 .comment       0x00000000       0x71 ..\obj\stm32f10x_adc.o
 .comment       0x00000000       0x71 ..\obj\LCD.o
 .comment       0x00000000       0x71 ..\obj\stm32f10x_usart.o
 .comment       0x00000000       0x71 ..\obj\button_on.o
 .comment       0x00000000       0x71 ..\obj\list.o
 .comment       0x00000000       0x71 ..\obj\syscalls.o
 .comment       0x00000000       0x71 ..\obj\stm32f10x_it.o
 .comment       0x00000000       0x71 ..\obj\touch_panel.o
 .comment       0x00000000       0x71 ..\obj\port.o
 .comment       0x00000000       0x71 ..\obj\misc.o
 .comment       0x00000000       0x71 ..\obj\button_off.o
 .comment       0x00000000       0x71 ..\obj\stm32f10x_spi.o
 .comment       0x00000000       0x71 ..\obj\heap_1.o
 .comment       0x00000000       0x71 ..\obj\RTC.o
 .comment       0x00000000       0x71 ..\obj\I2C_STM32.o

.ARM.attributes
                0x00000000       0x33
 .ARM.attributes
                0x00000000       0x33 ..\obj\stm32f10x_rtc.o
 .ARM.attributes
                0x00000033       0x33 ..\obj\init_board.o
 .ARM.attributes
                0x00000066       0x33 ..\obj\system_stm32f10x.o
 .ARM.attributes
                0x00000099       0x33 ..\obj\stm32_eval.o
 .ARM.attributes
                0x000000cc       0x33 ..\obj\GLCD_SPI_STM32.o
 .ARM.attributes
                0x000000ff       0x33 ..\obj\TS_I2C.o
 .ARM.attributes
                0x00000132       0x33 ..\obj\stm32f10x_pwr.o
 .ARM.attributes
                0x00000165       0x33 ..\obj\stm32f10x_gpio.o
 .ARM.attributes
                0x00000198       0x33 ..\obj\main.o
 .ARM.attributes
                0x000001cb       0x33 ..\obj\on_off_button.o
 .ARM.attributes
                0x000001fe       0x33 ..\obj\stm32f10x_rcc.o
 .ARM.attributes
                0x00000231       0x33 ..\obj\startup_stm32f10x_cl.o
 .ARM.attributes
                0x00000264       0x33 ..\obj\stm32f10x_exti.o
 .ARM.attributes
                0x00000297       0x33 ..\obj\tasks.o
 .ARM.attributes
                0x000002ca       0x33 ..\obj\stm32f10x_adc.o
 .ARM.attributes
                0x000002fd       0x33 ..\obj\LCD.o
 .ARM.attributes
                0x00000330       0x33 ..\obj\stm32f10x_usart.o
 .ARM.attributes
                0x00000363       0x33 ..\obj\button_on.o
 .ARM.attributes
                0x00000396       0x33 ..\obj\list.o
 .ARM.attributes
                0x000003c9       0x33 ..\obj\syscalls.o
 .ARM.attributes
                0x000003fc       0x33 ..\obj\stm32f10x_it.o
 .ARM.attributes
                0x0000042f       0x33 ..\obj\touch_panel.o
 .ARM.attributes
                0x00000462       0x33 ..\obj\port.o
 .ARM.attributes
                0x00000495       0x33 ..\obj\misc.o
 .ARM.attributes
                0x000004c8       0x33 ..\obj\button_off.o
 .ARM.attributes
                0x000004fb       0x33 ..\obj\stm32f10x_spi.o
 .ARM.attributes
                0x0000052e       0x33 ..\obj\heap_1.o
 .ARM.attributes
                0x00000561       0x33 ..\obj\RTC.o
 .ARM.attributes
                0x00000594       0x33 ..\obj\I2C_STM32.o
 .ARM.attributes
                0x000005c7       0x2d c:/program files (x86)/gnu tools arm embedded/4.7 2013q2/bin/../lib/gcc/arm-none-eabi/4.7.4/../../../../arm-none-eabi/lib/armv7-m\libg.a(lib_a-memcpy.o)
 .ARM.attributes
                0x000005f4       0x2d c:/program files (x86)/gnu tools arm embedded/4.7 2013q2/bin/../lib/gcc/arm-none-eabi/4.7.4/../../../../arm-none-eabi/lib/armv7-m\libg.a(lib_a-memset.o)
 .ARM.attributes
                0x00000621       0x2d c:/program files (x86)/gnu tools arm embedded/4.7 2013q2/bin/../lib/gcc/arm-none-eabi/4.7.4/../../../../arm-none-eabi/lib/armv7-m\libg.a(lib_a-printf.o)
 .ARM.attributes
                0x0000064e       0x2d c:/program files (x86)/gnu tools arm embedded/4.7 2013q2/bin/../lib/gcc/arm-none-eabi/4.7.4/../../../../arm-none-eabi/lib/armv7-m\libg.a(lib_a-puts.o)
 .ARM.attributes
                0x0000067b       0x2d c:/program files (x86)/gnu tools arm embedded/4.7 2013q2/bin/../lib/gcc/arm-none-eabi/4.7.4/../../../../arm-none-eabi/lib/armv7-m\libg.a(lib_a-sprintf.o)
 .ARM.attributes
                0x000006a8       0x2d c:/program files (x86)/gnu tools arm embedded/4.7 2013q2/bin/../lib/gcc/arm-none-eabi/4.7.4/../../../../arm-none-eabi/lib/armv7-m\libg.a(lib_a-strlen.o)
 .ARM.attributes
                0x000006d5       0x2d c:/program files (x86)/gnu tools arm embedded/4.7 2013q2/bin/../lib/gcc/arm-none-eabi/4.7.4/../../../../arm-none-eabi/lib/armv7-m\libg.a(lib_a-svfprintf.o)
 .ARM.attributes
                0x00000702       0x2d c:/program files (x86)/gnu tools arm embedded/4.7 2013q2/bin/../lib/gcc/arm-none-eabi/4.7.4/../../../../arm-none-eabi/lib/armv7-m\libg.a(lib_a-vfprintf.o)
 .ARM.attributes
                0x0000072f       0x2d c:/program files (x86)/gnu tools arm embedded/4.7 2013q2/bin/../lib/gcc/arm-none-eabi/4.7.4/../../../../arm-none-eabi/lib/armv7-m\libg.a(lib_a-wsetup.o)
 .ARM.attributes
                0x0000075c       0x2d c:/program files (x86)/gnu tools arm embedded/4.7 2013q2/bin/../lib/gcc/arm-none-eabi/4.7.4/../../../../arm-none-eabi/lib/armv7-m\libg.a(lib_a-dtoa.o)
 .ARM.attributes
                0x00000789       0x2d c:/program files (x86)/gnu tools arm embedded/4.7 2013q2/bin/../lib/gcc/arm-none-eabi/4.7.4/../../../../arm-none-eabi/lib/armv7-m\libg.a(lib_a-fflush.o)
 .ARM.attributes
                0x000007b6       0x2d c:/program files (x86)/gnu tools arm embedded/4.7 2013q2/bin/../lib/gcc/arm-none-eabi/4.7.4/../../../../arm-none-eabi/lib/armv7-m\libg.a(lib_a-findfp.o)
 .ARM.attributes
                0x000007e3       0x2d c:/program files (x86)/gnu tools arm embedded/4.7 2013q2/bin/../lib/gcc/arm-none-eabi/4.7.4/../../../../arm-none-eabi/lib/armv7-m\libg.a(lib_a-freer.o)
 .ARM.attributes
                0x00000810       0x2d c:/program files (x86)/gnu tools arm embedded/4.7 2013q2/bin/../lib/gcc/arm-none-eabi/4.7.4/../../../../arm-none-eabi/lib/armv7-m\libg.a(lib_a-fvwrite.o)
 .ARM.attributes
                0x0000083d       0x2d c:/program files (x86)/gnu tools arm embedded/4.7 2013q2/bin/../lib/gcc/arm-none-eabi/4.7.4/../../../../arm-none-eabi/lib/armv7-m\libg.a(lib_a-fwalk.o)
 .ARM.attributes
                0x0000086a       0x2d c:/program files (x86)/gnu tools arm embedded/4.7 2013q2/bin/../lib/gcc/arm-none-eabi/4.7.4/../../../../arm-none-eabi/lib/armv7-m\libg.a(lib_a-impure.o)
 .ARM.attributes
                0x00000897       0x2d c:/program files (x86)/gnu tools arm embedded/4.7 2013q2/bin/../lib/gcc/arm-none-eabi/4.7.4/../../../../arm-none-eabi/lib/armv7-m\libg.a(lib_a-locale.o)
 .ARM.attributes
                0x000008c4       0x2d c:/program files (x86)/gnu tools arm embedded/4.7 2013q2/bin/../lib/gcc/arm-none-eabi/4.7.4/../../../../arm-none-eabi/lib/armv7-m\libg.a(lib_a-makebuf.o)
 .ARM.attributes
                0x000008f1       0x2d c:/program files (x86)/gnu tools arm embedded/4.7 2013q2/bin/../lib/gcc/arm-none-eabi/4.7.4/../../../../arm-none-eabi/lib/armv7-m\libg.a(lib_a-mallocr.o)
 .ARM.attributes
                0x0000091e       0x2d c:/program files (x86)/gnu tools arm embedded/4.7 2013q2/bin/../lib/gcc/arm-none-eabi/4.7.4/../../../../arm-none-eabi/lib/armv7-m\libg.a(lib_a-memchr.o)
 .ARM.attributes
                0x0000094b       0x2d c:/program files (x86)/gnu tools arm embedded/4.7 2013q2/bin/../lib/gcc/arm-none-eabi/4.7.4/../../../../arm-none-eabi/lib/armv7-m\libg.a(lib_a-memmove.o)
 .ARM.attributes
                0x00000978       0x2d c:/program files (x86)/gnu tools arm embedded/4.7 2013q2/bin/../lib/gcc/arm-none-eabi/4.7.4/../../../../arm-none-eabi/lib/armv7-m\libg.a(lib_a-mlock.o)
 .ARM.attributes
                0x000009a5       0x2d c:/program files (x86)/gnu tools arm embedded/4.7 2013q2/bin/../lib/gcc/arm-none-eabi/4.7.4/../../../../arm-none-eabi/lib/armv7-m\libg.a(lib_a-mprec.o)
 .ARM.attributes
                0x000009d2       0x2d c:/program files (x86)/gnu tools arm embedded/4.7 2013q2/bin/../lib/gcc/arm-none-eabi/4.7.4/../../../../arm-none-eabi/lib/armv7-m\libg.a(lib_a-reallocr.o)
 .ARM.attributes
                0x000009ff       0x2d c:/program files (x86)/gnu tools arm embedded/4.7 2013q2/bin/../lib/gcc/arm-none-eabi/4.7.4/../../../../arm-none-eabi/lib/armv7-m\libg.a(lib_a-s_fpclassify.o)
 .ARM.attributes
                0x00000a2c       0x2d c:/program files (x86)/gnu tools arm embedded/4.7 2013q2/bin/../lib/gcc/arm-none-eabi/4.7.4/../../../../arm-none-eabi/lib/armv7-m\libg.a(lib_a-sbrkr.o)
 .ARM.attributes
                0x00000a59       0x2d c:/program files (x86)/gnu tools arm embedded/4.7 2013q2/bin/../lib/gcc/arm-none-eabi/4.7.4/../../../../arm-none-eabi/lib/armv7-m\libg.a(lib_a-stdio.o)
 .ARM.attributes
                0x00000a86       0x2d c:/program files (x86)/gnu tools arm embedded/4.7 2013q2/bin/../lib/gcc/arm-none-eabi/4.7.4/../../../../arm-none-eabi/lib/armv7-m\libg.a(lib_a-svfiprintf.o)
 .ARM.attributes
                0x00000ab3       0x2d c:/program files (x86)/gnu tools arm embedded/4.7 2013q2/bin/../lib/gcc/arm-none-eabi/4.7.4/../../../../arm-none-eabi/lib/armv7-m\libg.a(lib_a-vfiprintf.o)
 .ARM.attributes
                0x00000ae0       0x2d c:/program files (x86)/gnu tools arm embedded/4.7 2013q2/bin/../lib/gcc/arm-none-eabi/4.7.4/../../../../arm-none-eabi/lib/armv7-m\libg.a(lib_a-writer.o)
 .ARM.attributes
                0x00000b0d       0x2d c:/program files (x86)/gnu tools arm embedded/4.7 2013q2/bin/../lib/gcc/arm-none-eabi/4.7.4/../../../../arm-none-eabi/lib/armv7-m\libg.a(lib_a-callocr.o)
 .ARM.attributes
                0x00000b3a       0x2d c:/program files (x86)/gnu tools arm embedded/4.7 2013q2/bin/../lib/gcc/arm-none-eabi/4.7.4/../../../../arm-none-eabi/lib/armv7-m\libg.a(lib_a-closer.o)
 .ARM.attributes
                0x00000b67       0x2d c:/program files (x86)/gnu tools arm embedded/4.7 2013q2/bin/../lib/gcc/arm-none-eabi/4.7.4/../../../../arm-none-eabi/lib/armv7-m\libg.a(lib_a-fclose.o)
 .ARM.attributes
                0x00000b94       0x2d c:/program files (x86)/gnu tools arm embedded/4.7 2013q2/bin/../lib/gcc/arm-none-eabi/4.7.4/../../../../arm-none-eabi/lib/armv7-m\libg.a(lib_a-fputwc.o)
 .ARM.attributes
                0x00000bc1       0x2d c:/program files (x86)/gnu tools arm embedded/4.7 2013q2/bin/../lib/gcc/arm-none-eabi/4.7.4/../../../../arm-none-eabi/lib/armv7-m\libg.a(lib_a-fstatr.o)
 .ARM.attributes
                0x00000bee       0x2d c:/program files (x86)/gnu tools arm embedded/4.7 2013q2/bin/../lib/gcc/arm-none-eabi/4.7.4/../../../../arm-none-eabi/lib/armv7-m\libg.a(lib_a-isattyr.o)
 .ARM.attributes
                0x00000c1b       0x2d c:/program files (x86)/gnu tools arm embedded/4.7 2013q2/bin/../lib/gcc/arm-none-eabi/4.7.4/../../../../arm-none-eabi/lib/armv7-m\libg.a(lib_a-lseekr.o)
 .ARM.attributes
                0x00000c48       0x2d c:/program files (x86)/gnu tools arm embedded/4.7 2013q2/bin/../lib/gcc/arm-none-eabi/4.7.4/../../../../arm-none-eabi/lib/armv7-m\libg.a(lib_a-readr.o)
 .ARM.attributes
                0x00000c75       0x2d c:/program files (x86)/gnu tools arm embedded/4.7 2013q2/bin/../lib/gcc/arm-none-eabi/4.7.4/../../../../arm-none-eabi/lib/armv7-m\libg.a(lib_a-reent.o)
 .ARM.attributes
                0x00000ca2       0x2d c:/program files (x86)/gnu tools arm embedded/4.7 2013q2/bin/../lib/gcc/arm-none-eabi/4.7.4/../../../../arm-none-eabi/lib/armv7-m\libg.a(lib_a-wbuf.o)
 .ARM.attributes
                0x00000ccf       0x2d c:/program files (x86)/gnu tools arm embedded/4.7 2013q2/bin/../lib/gcc/arm-none-eabi/4.7.4/../../../../arm-none-eabi/lib/armv7-m\libg.a(lib_a-wcrtomb.o)
 .ARM.attributes
                0x00000cfc       0x2d c:/program files (x86)/gnu tools arm embedded/4.7 2013q2/bin/../lib/gcc/arm-none-eabi/4.7.4/../../../../arm-none-eabi/lib/armv7-m\libg.a(lib_a-wctomb_r.o)
 .ARM.attributes
                0x00000d29       0x1d c:/program files (x86)/gnu tools arm embedded/4.7 2013q2/bin/../lib/gcc/arm-none-eabi/4.7.4/armv7-m\libgcc.a(_arm_addsubdf3.o)
 .ARM.attributes
                0x00000d46       0x1d c:/program files (x86)/gnu tools arm embedded/4.7 2013q2/bin/../lib/gcc/arm-none-eabi/4.7.4/armv7-m\libgcc.a(_arm_muldivdf3.o)
 .ARM.attributes
                0x00000d63       0x1d c:/program files (x86)/gnu tools arm embedded/4.7 2013q2/bin/../lib/gcc/arm-none-eabi/4.7.4/armv7-m\libgcc.a(_arm_cmpdf2.o)
 .ARM.attributes
                0x00000d80       0x1d c:/program files (x86)/gnu tools arm embedded/4.7 2013q2/bin/../lib/gcc/arm-none-eabi/4.7.4/armv7-m\libgcc.a(_arm_fixdfsi.o)
 .ARM.attributes
                0x00000d9d       0x1d c:/program files (x86)/gnu tools arm embedded/4.7 2013q2/bin/../lib/gcc/arm-none-eabi/4.7.4/armv7-m\libgcc.a(_aeabi_uldivmod.o)
 .ARM.attributes
                0x00000dba       0x2d c:/program files (x86)/gnu tools arm embedded/4.7 2013q2/bin/../lib/gcc/arm-none-eabi/4.7.4/armv7-m\libgcc.a(bpabi.o)
 .ARM.attributes
                0x00000de7       0x1d c:/program files (x86)/gnu tools arm embedded/4.7 2013q2/bin/../lib/gcc/arm-none-eabi/4.7.4/armv7-m\libgcc.a(_dvmd_tls.o)
 .ARM.attributes
                0x00000e04       0x2d c:/program files (x86)/gnu tools arm embedded/4.7 2013q2/bin/../lib/gcc/arm-none-eabi/4.7.4/armv7-m\libgcc.a(_divdi3.o)
 .ARM.attributes
                0x00000e31       0x2d c:/program files (x86)/gnu tools arm embedded/4.7 2013q2/bin/../lib/gcc/arm-none-eabi/4.7.4/armv7-m\libgcc.a(_udivdi3.o)

.debug_frame    0x00000000     0x343c
 .debug_frame   0x00000000      0x194 ..\obj\stm32f10x_rtc.o
 .debug_frame   0x00000194       0xe8 ..\obj\init_board.o
 .debug_frame   0x0000027c       0x80 ..\obj\system_stm32f10x.o
 .debug_frame   0x000002fc       0xe4 ..\obj\stm32_eval.o
 .debug_frame   0x000003e0      0x2cc ..\obj\GLCD_SPI_STM32.o
 .debug_frame   0x000006ac       0x6c ..\obj\TS_I2C.o
 .debug_frame   0x00000718      0x140 ..\obj\stm32f10x_pwr.o
 .debug_frame   0x00000858      0x210 ..\obj\stm32f10x_gpio.o
 .debug_frame   0x00000a68       0xb4 ..\obj\main.o
 .debug_frame   0x00000b1c      0x484 ..\obj\stm32f10x_rcc.o
 .debug_frame   0x00000fa0       0x48 ..\obj\startup_stm32f10x_cl.o
 .debug_frame   0x00000fe8       0xec ..\obj\stm32f10x_exti.o
 .debug_frame   0x000010d4      0x3c8 ..\obj\tasks.o
 .debug_frame   0x0000149c      0x400 ..\obj\stm32f10x_adc.o
 .debug_frame   0x0000189c       0x30 ..\obj\LCD.o
 .debug_frame   0x000018cc      0x344 ..\obj\stm32f10x_usart.o
 .debug_frame   0x00001c10       0x9c ..\obj\list.o
 .debug_frame   0x00001cac      0x10c ..\obj\syscalls.o
 .debug_frame   0x00001db8      0x13c ..\obj\stm32f10x_it.o
 .debug_frame   0x00001ef4       0x6c ..\obj\touch_panel.o
 .debug_frame   0x00001f60      0x150 ..\obj\port.o
 .debug_frame   0x000020b0       0x9c ..\obj\misc.o
 .debug_frame   0x0000214c      0x29c ..\obj\stm32f10x_spi.o
 .debug_frame   0x000023e8       0x7c ..\obj\heap_1.o
 .debug_frame   0x00002464       0x4c ..\obj\RTC.o
 .debug_frame   0x000024b0       0xe0 ..\obj\I2C_STM32.o
 .debug_frame   0x00002590       0x30 c:/program files (x86)/gnu tools arm embedded/4.7 2013q2/bin/../lib/gcc/arm-none-eabi/4.7.4/../../../../arm-none-eabi/lib/armv7-m\libg.a(lib_a-memcpy.o)
 .debug_frame   0x000025c0       0x2c c:/program files (x86)/gnu tools arm embedded/4.7 2013q2/bin/../lib/gcc/arm-none-eabi/4.7.4/../../../../arm-none-eabi/lib/armv7-m\libg.a(lib_a-memset.o)
 .debug_frame   0x000025ec       0x5c c:/program files (x86)/gnu tools arm embedded/4.7 2013q2/bin/../lib/gcc/arm-none-eabi/4.7.4/../../../../arm-none-eabi/lib/armv7-m\libg.a(lib_a-printf.o)
 .debug_frame   0x00002648       0x40 c:/program files (x86)/gnu tools arm embedded/4.7 2013q2/bin/../lib/gcc/arm-none-eabi/4.7.4/../../../../arm-none-eabi/lib/armv7-m\libg.a(lib_a-puts.o)
 .debug_frame   0x00002688       0x64 c:/program files (x86)/gnu tools arm embedded/4.7 2013q2/bin/../lib/gcc/arm-none-eabi/4.7.4/../../../../arm-none-eabi/lib/armv7-m\libg.a(lib_a-sprintf.o)
 .debug_frame   0x000026ec       0x20 c:/program files (x86)/gnu tools arm embedded/4.7 2013q2/bin/../lib/gcc/arm-none-eabi/4.7.4/../../../../arm-none-eabi/lib/armv7-m\libg.a(lib_a-strlen.o)
 .debug_frame   0x0000270c       0x3c c:/program files (x86)/gnu tools arm embedded/4.7 2013q2/bin/../lib/gcc/arm-none-eabi/4.7.4/../../../../arm-none-eabi/lib/armv7-m\libg.a(lib_a-svfprintf.o)
 .debug_frame   0x00002748       0x80 c:/program files (x86)/gnu tools arm embedded/4.7 2013q2/bin/../lib/gcc/arm-none-eabi/4.7.4/../../../../arm-none-eabi/lib/armv7-m\libg.a(lib_a-vfprintf.o)
 .debug_frame   0x000027c8       0x2c c:/program files (x86)/gnu tools arm embedded/4.7 2013q2/bin/../lib/gcc/arm-none-eabi/4.7.4/../../../../arm-none-eabi/lib/armv7-m\libg.a(lib_a-wsetup.o)
 .debug_frame   0x000027f4       0x64 c:/program files (x86)/gnu tools arm embedded/4.7 2013q2/bin/../lib/gcc/arm-none-eabi/4.7.4/../../../../arm-none-eabi/lib/armv7-m\libg.a(lib_a-dtoa.o)
 .debug_frame   0x00002858       0x40 c:/program files (x86)/gnu tools arm embedded/4.7 2013q2/bin/../lib/gcc/arm-none-eabi/4.7.4/../../../../arm-none-eabi/lib/armv7-m\libg.a(lib_a-fflush.o)
 .debug_frame   0x00002898      0x120 c:/program files (x86)/gnu tools arm embedded/4.7 2013q2/bin/../lib/gcc/arm-none-eabi/4.7.4/../../../../arm-none-eabi/lib/armv7-m\libg.a(lib_a-findfp.o)
 .debug_frame   0x000029b8       0x50 c:/program files (x86)/gnu tools arm embedded/4.7 2013q2/bin/../lib/gcc/arm-none-eabi/4.7.4/../../../../arm-none-eabi/lib/armv7-m\libg.a(lib_a-freer.o)
 .debug_frame   0x00002a08       0x38 c:/program files (x86)/gnu tools arm embedded/4.7 2013q2/bin/../lib/gcc/arm-none-eabi/4.7.4/../../../../arm-none-eabi/lib/armv7-m\libg.a(lib_a-fvwrite.o)
 .debug_frame   0x00002a40       0x5c c:/program files (x86)/gnu tools arm embedded/4.7 2013q2/bin/../lib/gcc/arm-none-eabi/4.7.4/../../../../arm-none-eabi/lib/armv7-m\libg.a(lib_a-fwalk.o)
 .debug_frame   0x00002a9c       0xa0 c:/program files (x86)/gnu tools arm embedded/4.7 2013q2/bin/../lib/gcc/arm-none-eabi/4.7.4/../../../../arm-none-eabi/lib/armv7-m\libg.a(lib_a-locale.o)
 .debug_frame   0x00002b3c       0x30 c:/program files (x86)/gnu tools arm embedded/4.7 2013q2/bin/../lib/gcc/arm-none-eabi/4.7.4/../../../../arm-none-eabi/lib/armv7-m\libg.a(lib_a-makebuf.o)
 .debug_frame   0x00002b6c       0x38 c:/program files (x86)/gnu tools arm embedded/4.7 2013q2/bin/../lib/gcc/arm-none-eabi/4.7.4/../../../../arm-none-eabi/lib/armv7-m\libg.a(lib_a-mallocr.o)
 .debug_frame   0x00002ba4       0x2c c:/program files (x86)/gnu tools arm embedded/4.7 2013q2/bin/../lib/gcc/arm-none-eabi/4.7.4/../../../../arm-none-eabi/lib/armv7-m\libg.a(lib_a-memchr.o)
 .debug_frame   0x00002bd0       0x30 c:/program files (x86)/gnu tools arm embedded/4.7 2013q2/bin/../lib/gcc/arm-none-eabi/4.7.4/../../../../arm-none-eabi/lib/armv7-m\libg.a(lib_a-memmove.o)
 .debug_frame   0x00002c00       0x30 c:/program files (x86)/gnu tools arm embedded/4.7 2013q2/bin/../lib/gcc/arm-none-eabi/4.7.4/../../../../arm-none-eabi/lib/armv7-m\libg.a(lib_a-mlock.o)
 .debug_frame   0x00002c30      0x238 c:/program files (x86)/gnu tools arm embedded/4.7 2013q2/bin/../lib/gcc/arm-none-eabi/4.7.4/../../../../arm-none-eabi/lib/armv7-m\libg.a(lib_a-mprec.o)
 .debug_frame   0x00002e68       0x38 c:/program files (x86)/gnu tools arm embedded/4.7 2013q2/bin/../lib/gcc/arm-none-eabi/4.7.4/../../../../arm-none-eabi/lib/armv7-m\libg.a(lib_a-reallocr.o)
 .debug_frame   0x00002ea0       0x20 c:/program files (x86)/gnu tools arm embedded/4.7 2013q2/bin/../lib/gcc/arm-none-eabi/4.7.4/../../../../arm-none-eabi/lib/armv7-m\libg.a(lib_a-s_fpclassify.o)
 .debug_frame   0x00002ec0       0x2c c:/program files (x86)/gnu tools arm embedded/4.7 2013q2/bin/../lib/gcc/arm-none-eabi/4.7.4/../../../../arm-none-eabi/lib/armv7-m\libg.a(lib_a-sbrkr.o)
 .debug_frame   0x00002eec       0x80 c:/program files (x86)/gnu tools arm embedded/4.7 2013q2/bin/../lib/gcc/arm-none-eabi/4.7.4/../../../../arm-none-eabi/lib/armv7-m\libg.a(lib_a-stdio.o)
 .debug_frame   0x00002f6c       0x64 c:/program files (x86)/gnu tools arm embedded/4.7 2013q2/bin/../lib/gcc/arm-none-eabi/4.7.4/../../../../arm-none-eabi/lib/armv7-m\libg.a(lib_a-svfiprintf.o)
 .debug_frame   0x00002fd0       0xa8 c:/program files (x86)/gnu tools arm embedded/4.7 2013q2/bin/../lib/gcc/arm-none-eabi/4.7.4/../../../../arm-none-eabi/lib/armv7-m\libg.a(lib_a-vfiprintf.o)
 .debug_frame   0x00003078       0x2c c:/program files (x86)/gnu tools arm embedded/4.7 2013q2/bin/../lib/gcc/arm-none-eabi/4.7.4/../../../../arm-none-eabi/lib/armv7-m\libg.a(lib_a-writer.o)
 .debug_frame   0x000030a4       0x28 c:/program files (x86)/gnu tools arm embedded/4.7 2013q2/bin/../lib/gcc/arm-none-eabi/4.7.4/../../../../arm-none-eabi/lib/armv7-m\libg.a(lib_a-callocr.o)
 .debug_frame   0x000030cc       0x2c c:/program files (x86)/gnu tools arm embedded/4.7 2013q2/bin/../lib/gcc/arm-none-eabi/4.7.4/../../../../arm-none-eabi/lib/armv7-m\libg.a(lib_a-closer.o)
 .debug_frame   0x000030f8       0x3c c:/program files (x86)/gnu tools arm embedded/4.7 2013q2/bin/../lib/gcc/arm-none-eabi/4.7.4/../../../../arm-none-eabi/lib/armv7-m\libg.a(lib_a-fclose.o)
 .debug_frame   0x00003134       0x54 c:/program files (x86)/gnu tools arm embedded/4.7 2013q2/bin/../lib/gcc/arm-none-eabi/4.7.4/../../../../arm-none-eabi/lib/armv7-m\libg.a(lib_a-fputwc.o)
 .debug_frame   0x00003188       0x2c c:/program files (x86)/gnu tools arm embedded/4.7 2013q2/bin/../lib/gcc/arm-none-eabi/4.7.4/../../../../arm-none-eabi/lib/armv7-m\libg.a(lib_a-fstatr.o)